ARM Linker, RVCT4.0 [Build 728] [Evaluation]

==============================================================================

Section Cross References

    aduc702x.o(STACK) refers (Special) to heapauxi.o(.text) for __use_two_region_memory
    aduc702x.o(HEAP) refers (Special) to heapauxi.o(.text) for __use_two_region_memory
    aduc702x.o(RESET) refers (Special) to heapauxi.o(.text) for __use_two_region_memory
    aduc702x.o(RESET) refers to aduc7026driver.o(.text) for Undef_Handler
    aduc702x.o(RESET) refers to aduc702x.o(STACK) for Stack_Top
    aduc702x.o(RESET) refers to __main.o(!!!main) for __main
    aduc702x.o(.text) refers (Special) to heapauxi.o(.text) for __use_two_region_memory
    aduc702x.o(.text) refers to aduc702x.o(HEAP) for Heap_Mem
    aduc702x.o(.text) refers to aduc702x.o(STACK) for Stack_Mem
    aduc7026driver.o(.text) refers to aduc7026driver.o(.data) for FIQ
    ad5422test.o(.text) refers to _printf_pad.o(.text) for _printf_pre_padding
    ad5422test.o(.text) refers to _printf_percent.o(.ARM.Collect$$_printf_percent$$00000000) for _printf_percent
    ad5422test.o(.text) refers to _printf_x.o(.ARM.Collect$$_printf_percent$$0000000C) for _printf_x
    ad5422test.o(.text) refers to _printf_hex_int.o(.text) for _printf_longlong_hex
    ad5422test.o(.text) refers to aduc7026driver.o(.text) for ADuC7026SetSystemClock
    ad5422test.o(.text) refers to ad5422.o(.text) for WriteToAD5422
    ad5422test.o(.text) refers to noretval__2printf.o(.text) for __2printf
    ad5422test.o(.text) refers to ad5422test.o(.data) for buf
    ad5422.o(.text) refers to aduc7026driver.o(.text) for ADuC7026OutputBit
    __2printf.o(.text) refers to _printf_char_common.o(.text) for _printf_char_common
    __2printf.o(.text) refers to aduc7026driver.o(.text) for ferror
    __2printf.o(.text) refers to aduc7026driver.o(.data) for __stdout
    noretval__2printf.o(.text) refers to _printf_char_common.o(.text) for _printf_char_common
    noretval__2printf.o(.text) refers to aduc7026driver.o(.data) for __stdout
    noretval__2printf.o(.text) refers to aduc7026driver.o(.text) for fputc
    __printf.o(.text) refers to __printf.o(i.__ARM_common_call_via_r1) for __ARM_common_call_via_r1
    __printf.o(.text) refers to _printf_percent.o(.ARM.Collect$$_printf_percent$$00000000) for _printf_percent
    __printf.o(.text) refers to __printf.o(i.__ARM_common_call_via_r2) for __ARM_common_call_via_r2
    _printf_pad.o(.text) refers to __printf.o(i.__ARM_common_call_via_r2) for __ARM_common_call_via_r2
    _printf_hex_ll.o(.text) refers to _printf_intcommon.o(.text) for _printf_int_common
    _printf_hex_ll.o(.text) refers to _printf_hex_ll.o(.constdata) for .constdata
    _printf_hex_int.o(.text) refers to _printf_intcommon.o(.text) for _printf_int_common
    _printf_hex_int.o(.text) refers to _printf_hex_int.o(.constdata) for .constdata
    _printf_hex_int_ll.o(.text) refers to _printf_intcommon.o(.text) for _printf_int_common
    _printf_hex_int_ll.o(.text) refers to _printf_hex_int_ll.o(.constdata) for .constdata
    _printf_hex_ptr.o(.text) refers to _printf_intcommon.o(.text) for _printf_int_common
    _printf_hex_ptr.o(.text) refers to _printf_hex_ptr.o(.constdata) for .constdata
    _printf_hex_int_ptr.o(.text) refers to _printf_intcommon.o(.text) for _printf_int_common
    _printf_hex_int_ptr.o(.text) refers to _printf_hex_int_ptr.o(.constdata) for .constdata
    _printf_hex_ll_ptr.o(.text) refers to _printf_intcommon.o(.text) for _printf_int_common
    _printf_hex_ll_ptr.o(.text) refers to _printf_hex_ll_ptr.o(.constdata) for .constdata
    _printf_hex_int_ll_ptr.o(.text) refers to _printf_intcommon.o(.text) for _printf_int_common
    _printf_hex_int_ll_ptr.o(.text) refers to _printf_hex_int_ll_ptr.o(.constdata) for .constdata
    __printf_flags.o(.text) refers to __printf.o(i.__ARM_common_call_via_r1) for __ARM_common_call_via_r1
    __printf_flags.o(.text) refers to _printf_percent.o(.ARM.Collect$$_printf_percent$$00000000) for _printf_percent
    __printf_flags.o(.text) refers to __printf.o(i.__ARM_common_call_via_r2) for __ARM_common_call_via_r2
    __printf_flags.o(.text) refers to __printf_flags.o(.constdata) for .constdata
    __printf_ss.o(.text) refers to __printf.o(i.__ARM_common_call_via_r1) for __ARM_common_call_via_r1
    __printf_ss.o(.text) refers to _printf_percent.o(.ARM.Collect$$_printf_percent$$00000000) for _printf_percent
    __printf_ss.o(.text) refers to __printf.o(i.__ARM_common_call_via_r2) for __ARM_common_call_via_r2
    __printf_flags_ss.o(.text) refers to __printf.o(i.__ARM_common_call_via_r1) for __ARM_common_call_via_r1
    __printf_flags_ss.o(.text) refers to _printf_percent.o(.ARM.Collect$$_printf_percent$$00000000) for _printf_percent
    __printf_flags_ss.o(.text) refers to __printf.o(i.__ARM_common_call_via_r2) for __ARM_common_call_via_r2
    __printf_flags_ss.o(.text) refers to __printf_flags_ss.o(.constdata) for .constdata
    __printf_wp.o(.text) refers to __printf.o(i.__ARM_common_call_via_r1) for __ARM_common_call_via_r1
    __printf_wp.o(.text) refers to _printf_percent.o(.ARM.Collect$$_printf_percent$$00000000) for _printf_percent
    __printf_wp.o(.text) refers to __printf.o(i.__ARM_common_call_via_r2) for __ARM_common_call_via_r2
    __printf_flags_wp.o(.text) refers to __printf.o(i.__ARM_common_call_via_r1) for __ARM_common_call_via_r1
    __printf_flags_wp.o(.text) refers to _printf_percent.o(.ARM.Collect$$_printf_percent$$00000000) for _printf_percent
    __printf_flags_wp.o(.text) refers to __printf.o(i.__ARM_common_call_via_r2) for __ARM_common_call_via_r2
    __printf_flags_wp.o(.text) refers to __printf_flags_wp.o(.constdata) for .constdata
    __printf_ss_wp.o(.text) refers to __printf.o(i.__ARM_common_call_via_r1) for __ARM_common_call_via_r1
    __printf_ss_wp.o(.text) refers to _printf_percent.o(.ARM.Collect$$_printf_percent$$00000000) for _printf_percent
    __printf_ss_wp.o(.text) refers to __printf.o(i.__ARM_common_call_via_r2) for __ARM_common_call_via_r2
    __printf_flags_ss_wp.o(.text) refers to __printf.o(i.__ARM_common_call_via_r1) for __ARM_common_call_via_r1
    __printf_flags_ss_wp.o(.text) refers to _printf_percent.o(.ARM.Collect$$_printf_percent$$00000000) for _printf_percent
    __printf_flags_ss_wp.o(.text) refers to __printf.o(i.__ARM_common_call_via_r2) for __ARM_common_call_via_r2
    __printf_flags_ss_wp.o(.text) refers to __printf_flags_ss_wp.o(.constdata) for .constdata
    _printf_x.o(.ARM.Collect$$_printf_percent$$0000000C) refers (Weak) to _printf_hex_int.o(.text) for _printf_int_hex
    _printf_percent.o(.ARM.Collect$$_printf_percent$$00000000) refers (Special) to _printf_percent_end.o(.ARM.Collect$$_printf_percent$$00000017) for _printf_percent_end
    __main.o(!!!main) refers to rtentry.o(.ARM.Collect$$rtentry$$00000000) for __rt_entry
    rtentry.o(.ARM.Collect$$rtentry$$00000000) refers (Special) to rtentry2.o(.ARM.Collect$$rtentry$$0000000A) for __rt_entry_li
    rtentry.o(.ARM.Collect$$rtentry$$00000000) refers (Special) to rtentry2.o(.ARM.Collect$$rtentry$$0000000D) for __rt_entry_main
    rtentry.o(.ARM.Collect$$rtentry$$00000000) refers (Special) to rtentry2.o(.ARM.Collect$$rtentry$$0000000C) for __rt_entry_postli_1
    rtentry.o(.ARM.Collect$$rtentry$$00000000) refers (Special) to rtentry2.o(.ARM.Collect$$rtentry$$00000009) for __rt_entry_postsh_1
    rtentry.o(.ARM.Collect$$rtentry$$00000000) refers (Special) to rtentry2.o(.ARM.Collect$$rtentry$$00000002) for __rt_entry_presh_1
    rtentry.o(.ARM.Collect$$rtentry$$00000000) refers (Special) to rtentry4.o(.ARM.Collect$$rtentry$$00000004) for __rt_entry_sh
    rtentry.o(.ARM.exidx) refers (Special) to rtentry2.o(.ARM.Collect$$rtentry$$0000000A) for __rt_entry_li
    rtentry.o(.ARM.exidx) refers (Special) to rtentry2.o(.ARM.Collect$$rtentry$$0000000D) for __rt_entry_main
    rtentry.o(.ARM.exidx) refers (Special) to rtentry2.o(.ARM.Collect$$rtentry$$0000000C) for __rt_entry_postli_1
    rtentry.o(.ARM.exidx) refers (Special) to rtentry2.o(.ARM.Collect$$rtentry$$00000009) for __rt_entry_postsh_1
    rtentry.o(.ARM.exidx) refers (Special) to rtentry2.o(.ARM.Collect$$rtentry$$00000002) for __rt_entry_presh_1
    rtentry.o(.ARM.exidx) refers (Special) to rtentry4.o(.ARM.Collect$$rtentry$$00000004) for __rt_entry_sh
    rtentry.o(.ARM.exidx) refers to rtentry.o(.ARM.Collect$$rtentry$$00000000) for .ARM.Collect$$rtentry$$00000000
    _printf_intcommon.o(.text) refers (Weak) to _printf_pad.o(.text) for _printf_pre_padding
    _printf_intcommon.o(.text) refers to __printf.o(i.__ARM_common_call_via_r2) for __ARM_common_call_via_r2
    _printf_intcommon.o(.text) refers (Weak) to _printf_pad.o(.text) for _printf_pre_padding
    _printf_intcommon.o(.text) refers (Weak) to _printf_pad.o(.text) for _printf_post_padding
    _printf_char_common.o(.text) refers to __printf_flags_wp.o(.text) for __printf
    rtentry2.o(.ARM.Collect$$rtentry$$00000008) refers to boardinit2.o(.text) for _platform_post_stackheap_init
    rtentry2.o(.ARM.Collect$$rtentry$$0000000A) refers to libinit.o(.ARM.Collect$$libinit$$00000000) for __rt_lib_init
    rtentry2.o(.ARM.Collect$$rtentry$$0000000B) refers to boardinit3.o(.text) for _platform_post_lib_init
    rtentry2.o(.ARM.Collect$$rtentry$$0000000D) refers to exit.o(.text) for exit
    rtentry2.o(.ARM.Collect$$rtentry$$0000000D) refers to ad5422test.o(.text) for main
    rtentry2.o(.ARM.exidx) refers to rtentry2.o(.ARM.Collect$$rtentry$$00000001) for .ARM.Collect$$rtentry$$00000001
    rtentry2.o(.ARM.exidx) refers to rtentry2.o(.ARM.Collect$$rtentry$$00000002) for .ARM.Collect$$rtentry$$00000002
    rtentry2.o(.ARM.exidx) refers to rtentry2.o(.ARM.Collect$$rtentry$$00000008) for .ARM.Collect$$rtentry$$00000008
    rtentry2.o(.ARM.exidx) refers to rtentry2.o(.ARM.Collect$$rtentry$$00000009) for .ARM.Collect$$rtentry$$00000009
    rtentry2.o(.ARM.exidx) refers to rtentry2.o(.ARM.Collect$$rtentry$$0000000A) for .ARM.Collect$$rtentry$$0000000A
    rtentry2.o(.ARM.exidx) refers to rtentry2.o(.ARM.Collect$$rtentry$$0000000B) for .ARM.Collect$$rtentry$$0000000B
    rtentry2.o(.ARM.exidx) refers to rtentry2.o(.ARM.Collect$$rtentry$$0000000C) for .ARM.Collect$$rtentry$$0000000C
    rtentry2.o(.ARM.exidx) refers to rtentry2.o(.ARM.Collect$$rtentry$$0000000D) for .ARM.Collect$$rtentry$$0000000D
    rtentry4.o(.ARM.Collect$$rtentry$$00000004) refers to sys_stackheap_outer.o(.text) for __user_setup_stackheap
    rtentry4.o(.ARM.exidx) refers to rtentry4.o(.ARM.Collect$$rtentry$$00000004) for .ARM.Collect$$rtentry$$00000004
    __printf_nopercent.o(.text) refers to __printf_nopercent.o(i.__ARM_common_call_via_r7) for __ARM_common_call_via_r7
    __printf_nopercent.o(.text) refers to __printf_nopercent.o(i.__ARM_common_call_via_r5) for __ARM_common_call_via_r5
    sys_stackheap_outer.o(.text) refers to libspace.o(.text) for __user_perproc_libspace
    sys_stackheap_outer.o(.text) refers to aduc702x.o(.text) for __user_initial_stackheap
    exit.o(.text) refers to rtexit.o(.ARM.Collect$$rtexit$$00000000) for __rt_exit
    libinit.o(.ARM.Collect$$libinit$$00000000) refers (Special) to libinit2.o(.ARM.Collect$$libinit$$0000002A) for __rt_lib_init_alloca_1
    libinit.o(.ARM.Collect$$libinit$$00000000) refers (Special) to libinit2.o(.ARM.Collect$$libinit$$00000028) for __rt_lib_init_argv_1
    libinit.o(.ARM.Collect$$libinit$$00000000) refers (Special) to libinit2.o(.ARM.Collect$$libinit$$00000017) for __rt_lib_init_atexit_1
    libinit.o(.ARM.Collect$$libinit$$00000000) refers (Special) to libinit2.o(.ARM.Collect$$libinit$$0000001D) for __rt_lib_init_clock_1
    libinit.o(.ARM.Collect$$libinit$$00000000) refers (Special) to libinit2.o(.ARM.Collect$$libinit$$0000002E) for __rt_lib_init_cpp_1
    libinit.o(.ARM.Collect$$libinit$$00000000) refers (Special) to libinit2.o(.ARM.Collect$$libinit$$0000002C) for __rt_lib_init_exceptions_1
    libinit.o(.ARM.Collect$$libinit$$00000000) refers (Special) to libinit2.o(.ARM.Collect$$libinit$$0000001B) for __rt_lib_init_fp_trap_1
    libinit.o(.ARM.Collect$$libinit$$00000000) refers (Special) to libinit2.o(.ARM.Collect$$libinit$$0000001F) for __rt_lib_init_getenv_1
    libinit.o(.ARM.Collect$$libinit$$00000000) refers (Special) to libinit2.o(.ARM.Collect$$libinit$$00000006) for __rt_lib_init_heap_1
    libinit.o(.ARM.Collect$$libinit$$00000000) refers (Special) to libinit2.o(.ARM.Collect$$libinit$$0000000D) for __rt_lib_init_lc_collate_1
    libinit.o(.ARM.Collect$$libinit$$00000000) refers (Special) to libinit2.o(.ARM.Collect$$libinit$$0000000F) for __rt_lib_init_lc_ctype_1
    libinit.o(.ARM.Collect$$libinit$$00000000) refers (Special) to libinit2.o(.ARM.Collect$$libinit$$00000011) for __rt_lib_init_lc_monetary_1
    libinit.o(.ARM.Collect$$libinit$$00000000) refers (Special) to libinit2.o(.ARM.Collect$$libinit$$00000013) for __rt_lib_init_lc_numeric_1
    libinit.o(.ARM.Collect$$libinit$$00000000) refers (Special) to libinit2.o(.ARM.Collect$$libinit$$00000015) for __rt_lib_init_lc_time_1
    libinit.o(.ARM.Collect$$libinit$$00000000) refers (Special) to libinit2.o(.ARM.Collect$$libinit$$0000000A) for __rt_lib_init_rand_1
    libinit.o(.ARM.Collect$$libinit$$00000000) refers (Special) to libinit2.o(.ARM.Collect$$libinit$$0000002F) for __rt_lib_init_return
    libinit.o(.ARM.Collect$$libinit$$00000000) refers (Special) to libinit2.o(.ARM.Collect$$libinit$$00000019) for __rt_lib_init_signal_1
    libinit.o(.ARM.Collect$$libinit$$00000000) refers (Special) to libinit2.o(.ARM.Collect$$libinit$$00000021) for __rt_lib_init_stdio_1
    libinit.o(.ARM.Collect$$libinit$$00000000) refers (Special) to libinit2.o(.ARM.Collect$$libinit$$00000008) for __rt_lib_init_user_alloc_1
    libinit.o(.ARM.Collect$$libinit$$00000000) refers to fpinit.o(x$fpl$fpinit) for _fp_init
    libspace.o(.text) refers to libspace.o(.bss) for __libspace_start
    rtexit.o(.ARM.Collect$$rtexit$$00000000) refers (Special) to rtexit2.o(.ARM.Collect$$rtexit$$00000004) for __rt_exit_exit
    rtexit.o(.ARM.Collect$$rtexit$$00000000) refers (Special) to rtexit2.o(.ARM.Collect$$rtexit$$00000003) for __rt_exit_ls
    rtexit.o(.ARM.Collect$$rtexit$$00000000) refers (Special) to rtexit2.o(.ARM.Collect$$rtexit$$00000002) for __rt_exit_prels_1
    rtexit.o(.ARM.exidx) refers (Special) to rtexit2.o(.ARM.Collect$$rtexit$$00000004) for __rt_exit_exit
    rtexit.o(.ARM.exidx) refers (Special) to rtexit2.o(.ARM.Collect$$rtexit$$00000003) for __rt_exit_ls
    rtexit.o(.ARM.exidx) refers (Special) to rtexit2.o(.ARM.Collect$$rtexit$$00000002) for __rt_exit_prels_1
    rtexit.o(.ARM.exidx) refers to rtexit.o(.ARM.Collect$$rtexit$$00000000) for .ARM.Collect$$rtexit$$00000000
    libinit2.o(.ARM.Collect$$libinit$$0000000C) refers to libinit2.o(.ARM.Collect$$libinit$$0000000B) for .ARM.Collect$$libinit$$0000000B
    libinit2.o(.ARM.Collect$$libinit$$0000000E) refers to libinit2.o(.ARM.Collect$$libinit$$0000000B) for .ARM.Collect$$libinit$$0000000B
    libinit2.o(.ARM.Collect$$libinit$$00000010) refers to libinit2.o(.ARM.Collect$$libinit$$0000000B) for .ARM.Collect$$libinit$$0000000B
    libinit2.o(.ARM.Collect$$libinit$$00000012) refers to libinit2.o(.ARM.Collect$$libinit$$0000000B) for .ARM.Collect$$libinit$$0000000B
    libinit2.o(.ARM.Collect$$libinit$$00000014) refers to libinit2.o(.ARM.Collect$$libinit$$0000000B) for .ARM.Collect$$libinit$$0000000B
    libinit2.o(.ARM.Collect$$libinit$$00000022) refers to argv_veneer.o(.emb_text) for __ARM_argv_veneer
    libinit2.o(.ARM.Collect$$libinit$$00000023) refers to argv_veneer.o(.emb_text) for __ARM_argv_veneer
    fpinit.o(x$fpl$fpinit) refers to rt_fp_status_addr_intlibspace.o(.text) for __rt_fp_status_addr
    rtexit2.o(.ARM.Collect$$rtexit$$00000003) refers to libshutdown.o(.ARM.Collect$$libshutdown$$00000000) for __rt_lib_shutdown
    rtexit2.o(.ARM.Collect$$rtexit$$00000004) refers to aduc7026driver.o(.text) for _sys_exit
    rtexit2.o(.ARM.exidx) refers to rtexit2.o(.ARM.Collect$$rtexit$$00000001) for .ARM.Collect$$rtexit$$00000001
    rtexit2.o(.ARM.exidx) refers to rtexit2.o(.ARM.Collect$$rtexit$$00000002) for .ARM.Collect$$rtexit$$00000002
    rtexit2.o(.ARM.exidx) refers to rtexit2.o(.ARM.Collect$$rtexit$$00000003) for .ARM.Collect$$rtexit$$00000003
    rtexit2.o(.ARM.exidx) refers to rtexit2.o(.ARM.Collect$$rtexit$$00000004) for .ARM.Collect$$rtexit$$00000004
    rt_fp_status_addr.o(.text) refers to rt_fp_status_addr.o(.bss) for __rt_fp_status_addr_data
    rt_fp_status_addr_intlibspace.o(.text) refers to libspace.o(.bss) for __libspace_start
    argv_veneer.o(.emb_text) refers to no_argv.o(.text) for __ARM_get_argv
    _get_argv_nomalloc.o(.text) refers (Special) to hrguard.o(.text) for __heap_region$guard
    _get_argv_nomalloc.o(.text) refers to defsig_rtmem_outer.o(.text) for __rt_SIGRTMEM
    _get_argv_nomalloc.o(.text) refers to sys_command.o(.text) for _sys_command_string
    libshutdown.o(.ARM.Collect$$libshutdown$$00000000) refers (Special) to libshutdown2.o(.ARM.Collect$$libshutdown$$00000006) for __rt_lib_shutdown_fp_trap_1
    libshutdown.o(.ARM.Collect$$libshutdown$$00000000) refers (Special) to libshutdown2.o(.ARM.Collect$$libshutdown$$0000000E) for __rt_lib_shutdown_heap_1
    libshutdown.o(.ARM.Collect$$libshutdown$$00000000) refers (Special) to libshutdown2.o(.ARM.Collect$$libshutdown$$0000000F) for __rt_lib_shutdown_return
    libshutdown.o(.ARM.Collect$$libshutdown$$00000000) refers (Special) to libshutdown2.o(.ARM.Collect$$libshutdown$$00000009) for __rt_lib_shutdown_signal_1
    libshutdown.o(.ARM.Collect$$libshutdown$$00000000) refers (Special) to libshutdown2.o(.ARM.Collect$$libshutdown$$00000003) for __rt_lib_shutdown_stdio_1
    libshutdown.o(.ARM.Collect$$libshutdown$$00000000) refers (Special) to libshutdown2.o(.ARM.Collect$$libshutdown$$0000000B) for __rt_lib_shutdown_user_alloc_1
    sys_command.o(.text) refers (Special) to use_no_semi.o(.text) for __I$use$semihosting
    defsig_rtmem_outer.o(.text) refers to defsig_rtmem_inner.o(.text) for __rt_SIGRTMEM_inner
    defsig_rtmem_outer.o(.text) refers to defsig_exit.o(.text) for __sig_exit
    defsig_rtmem_formal.o(.text) refers to rt_raise.o(.text) for __rt_raise
    rt_raise.o(.text) refers to __raise.o(.text) for __raise
    rt_raise.o(.text) refers to aduc7026driver.o(.text) for _sys_exit
    defsig_exit.o(.text) refers to aduc7026driver.o(.text) for _sys_exit
    defsig_rtmem_inner.o(.text) refers to defsig_general.o(.text) for __default_signal_display
    __raise.o(.text) refers to defsig.o(CL$$defsig) for __default_signal_handler
    __raise.o(.text) refers to __printf.o(i.__ARM_common_call_via_r2) for __ARM_common_call_via_r2
    defsig_general.o(.text) refers to aduc7026driver.o(.text) for _ttywrch
    defsig.o(CL$$defsig) refers to defsig_rtmem_inner.o(.text) for __rt_SIGRTMEM_inner
    defsig_abrt_inner.o(.text) refers to defsig_general.o(.text) for __default_signal_display
    defsig_fpe_inner.o(.text) refers to defsig_general.o(.text) for __default_signal_display
    defsig_rtred_inner.o(.text) refers to defsig_general.o(.text) for __default_signal_display
    defsig_stak_inner.o(.text) refers to defsig_general.o(.text) for __default_signal_display
    defsig_pvfn_inner.o(.text) refers to defsig_general.o(.text) for __default_signal_display
    defsig_cppl_inner.o(.text) refers to defsig_general.o(.text) for __default_signal_display
    defsig_segv_inner.o(.text) refers to defsig_general.o(.text) for __default_signal_display
    defsig_other.o(.text) refers to defsig_general.o(.text) for __default_signal_display


==============================================================================

Adding Veneers to the image

    Adding TA veneer (4 bytes, Inline) for call to '_printf_percent' from __printf_flags_wp.o(.text).
    Adding AT veneer (8 bytes, Inline) for call to '__rt_lib_init' from rtentry2.o(.ARM.Collect$$rtentry$$0000000A).
    Adding AT veneer (8 bytes, Inline) for call to '__rt_lib_shutdown' from rtexit2.o(.ARM.Collect$$rtexit$$00000003).
    Adding TA veneer (4 bytes, Inline) for call to '__rt_exit' from exit.o(.text).
    Adding AT veneer (8 bytes, Inline) for call to '__2printf' from ad5422test.o(.text).
    Adding AT veneer (8 bytes, Inline) for call to '_printf_int_hex' from _printf_x.o(.ARM.Collect$$_printf_percent$$0000000C).
    Adding TA veneer (4 bytes, Inline) for call to '_fp_init' from libinit.o(.ARM.Collect$$libinit$$00000000).

7 Veneer(s) (total 44 bytes) added to the image.

==============================================================================

Image Symbol Table

    Local Symbols

    Symbol Name                              Value     Ov Type        Size  Object(Section)

    ../../angel/boardlib.s                   0x00000000   Number         0  boardinit2.o ABSOLUTE
    ../../angel/boardlib.s                   0x00000000   Number         0  boardinit1.o ABSOLUTE
    ../../angel/boardlib.s                   0x00000000   Number         0  boardinit3.o ABSOLUTE
    ../../angel/boardlib.s                   0x00000000   Number         0  boardshut.o ABSOLUTE
    ../../angel/handlers.s                   0x00000000   Number         0  __scatter_zi.o ABSOLUTE
    ../../angel/handlers.s                   0x00000000   Number         0  __scatter_copy.o ABSOLUTE
    ../../angel/kernel.s                     0x00000000   Number         0  rtentry2.o ABSOLUTE
    ../../angel/kernel.s                     0x00000000   Number         0  rtexit2.o ABSOLUTE
    ../../angel/kernel.s                     0x00000000   Number         0  rtentry.o ABSOLUTE
    ../../angel/kernel.s                     0x00000000   Number         0  rtexit.o ABSOLUTE
    ../../angel/kernel.s                     0x00000000   Number         0  rtentry4.o ABSOLUTE
    ../../angel/rt.s                         0x00000000   Number         0  rt_fp_status_addr.o ABSOLUTE
    ../../angel/rt.s                         0x00000000   Number         0  rt_fp_status_addr_intlibspace.o ABSOLUTE
    ../../angel/rt.s                         0x00000000   Number         0  rt_raise.o ABSOLUTE
    ../../angel/scatter.s                    0x00000000   Number         0  __scatter.o ABSOLUTE
    ../../angel/startup.s                    0x00000000   Number         0  __main.o ABSOLUTE
    ../../angel/sys.s                        0x00000000   Number         0  use_no_semi.o ABSOLUTE
    ../../angel/sys.s                        0x00000000   Number         0  libspace.o ABSOLUTE
    ../../angel/sys.s                        0x00000000   Number         0  sys_stackheap_outer.o ABSOLUTE
    ../../angel/sysapp.c                     0x00000000   Number         0  sys_command.o ABSOLUTE
    ../../armsys.c                           0x00000000   Number         0  _get_argv_nomalloc.o ABSOLUTE
    ../../armsys.c                           0x00000000   Number         0  argv_veneer.o ABSOLUTE
    ../../armsys.c                           0x00000000   Number         0  no_argv.o ABSOLUTE
    ../../armsys.c                           0x00000000   Number         0  argv_veneer.o ABSOLUTE
    ../../fpinit.s                           0x00000000   Number         0  fpinit.o ABSOLUTE
    ../../heapalloc.c                        0x00000000   Number         0  hrguard.o ABSOLUTE
    ../../heapaux.c                          0x00000000   Number         0  heapauxi.o ABSOLUTE
    ../../libinit.s                          0x00000000   Number         0  libshutdown2.o ABSOLUTE
    ../../libinit.s                          0x00000000   Number         0  libshutdown.o ABSOLUTE
    ../../libinit.s                          0x00000000   Number         0  libinit2.o ABSOLUTE
    ../../libinit.s                          0x00000000   Number         0  libinit.o ABSOLUTE
    ../../misc.s                             0x00000000   Number         0  printf_stubs.o ABSOLUTE
    ../../printf.c                           0x00000000   Number         0  _printf_hex_ptr.o ABSOLUTE
    ../../printf.c                           0x00000000   Number         0  _printf_hex_int_ptr.o ABSOLUTE
    ../../printf.c                           0x00000000   Number         0  _printf_hex_ll_ptr.o ABSOLUTE
    ../../printf.c                           0x00000000   Number         0  _printf_hex_int_ll_ptr.o ABSOLUTE
    ../../printf.c                           0x00000000   Number         0  __printf_flags.o ABSOLUTE
    ../../printf.c                           0x00000000   Number         0  noretval__2printf.o ABSOLUTE
    ../../printf.c                           0x00000000   Number         0  __printf_wp.o ABSOLUTE
    ../../printf.c                           0x00000000   Number         0  __printf_flags_wp.o ABSOLUTE
    ../../printf.c                           0x00000000   Number         0  __printf_ss_wp.o ABSOLUTE
    ../../printf.c                           0x00000000   Number         0  __printf_flags_ss_wp.o ABSOLUTE
    ../../printf.c                           0x00000000   Number         0  _printf_intcommon.o ABSOLUTE
    ../../printf.c                           0x00000000   Number         0  _printf_char_common.o ABSOLUTE
    ../../printf.c                           0x00000000   Number         0  __printf_flags_ss.o ABSOLUTE
    ../../printf.c                           0x00000000   Number         0  __2printf.o ABSOLUTE
    ../../printf.c                           0x00000000   Number         0  __printf.o ABSOLUTE
    ../../printf.c                           0x00000000   Number         0  _printf_pad.o ABSOLUTE
    ../../printf.c                           0x00000000   Number         0  _printf_hex_ll.o ABSOLUTE
    ../../printf.c                           0x00000000   Number         0  _printf_hex_int.o ABSOLUTE
    ../../printf.c                           0x00000000   Number         0  __printf_nopercent.o ABSOLUTE
    ../../printf.c                           0x00000000   Number         0  __printf_ss.o ABSOLUTE
    ../../printf.c                           0x00000000   Number         0  _printf_hex_int_ll.o ABSOLUTE
    ../../printf_percent.s                   0x00000000   Number         0  _printf_percent_end.o ABSOLUTE
    ../../printf_percent.s                   0x00000000   Number         0  _printf_x.o ABSOLUTE
    ../../printf_percent.s                   0x00000000   Number         0  _printf_percent.o ABSOLUTE
    ../../signal.c                           0x00000000   Number         0  defsig_rtred_inner.o ABSOLUTE
    ../../signal.c                           0x00000000   Number         0  defsig_stak_inner.o ABSOLUTE
    ../../signal.c                           0x00000000   Number         0  defsig_rtmem_inner.o ABSOLUTE
    ../../signal.c                           0x00000000   Number         0  defsig_pvfn_inner.o ABSOLUTE
    ../../signal.c                           0x00000000   Number         0  __raise.o ABSOLUTE
    ../../signal.c                           0x00000000   Number         0  defsig_segv_inner.o ABSOLUTE
    ../../signal.c                           0x00000000   Number         0  defsig_other.o ABSOLUTE
    ../../signal.c                           0x00000000   Number         0  defsig_rtmem_formal.o ABSOLUTE
    ../../signal.c                           0x00000000   Number         0  defsig_rtmem_outer.o ABSOLUTE
    ../../signal.c                           0x00000000   Number         0  defsig_exit.o ABSOLUTE
    ../../signal.c                           0x00000000   Number         0  defsig_general.o ABSOLUTE
    ../../signal.c                           0x00000000   Number         0  defsig_cppl_inner.o ABSOLUTE
    ../../signal.c                           0x00000000   Number         0  defsig_abrt_inner.o ABSOLUTE
    ../../signal.c                           0x00000000   Number         0  defsig_fpe_inner.o ABSOLUTE
    ../../signal.s                           0x00000000   Number         0  defsig.o ABSOLUTE
    ../../stdlib.c                           0x00000000   Number         0  exit.o ABSOLUTE
    AD5422.c                                 0x00000000   Number         0  ad5422.o ABSOLUTE
    AD5422Test.c                             0x00000000   Number         0  ad5422test.o ABSOLUTE
    ADuC7026Driver.c                         0x00000000   Number         0  aduc7026driver.o ABSOLUTE
    ADuC702x.s                               0x00000000   Number         0  aduc702x.o ABSOLUTE
    dc.s                                     0x00000000   Number         0  dc.o ABSOLUTE
    .data                                    0x00010000   Section       36  aduc7026driver.o(.data)
    .data                                    0x00010024   Section        3  ad5422test.o(.data)
    .bss                                     0x00010028   Section       96  libspace.o(.bss)
    HEAP                                     0x00010088   Section        0  aduc702x.o(HEAP)
    STACK                                    0x00010088   Section     1664  aduc702x.o(STACK)
    Heap_Mem                                 0x00010088   Data           0  aduc702x.o(HEAP)
    Stack_Mem                                0x00010088   Data        1024  aduc702x.o(STACK)
    Stack_Top                                0x00010708   Data           0  aduc702x.o(STACK)
    RESET                                    0x00080000   Section      188  aduc702x.o(RESET)
    !!!main                                  0x000800bc   Section        8  __main.o(!!!main)
    !!!scatter                               0x000800c4   Section       60  __scatter.o(!!!scatter)
    !!handler_copy                           0x00080100   Section       40  __scatter_copy.o(!!handler_copy)
    !!handler_zi                             0x00080128   Section       44  __scatter_zi.o(!!handler_zi)
    .ARM.Collect$$_printf_percent$$00000000  0x00080158   Section        0  _printf_percent.o(.ARM.Collect$$_printf_percent$$00000000)
    .ARM.Collect$$_printf_percent$$0000000C  0x00080158   Section        8  _printf_x.o(.ARM.Collect$$_printf_percent$$0000000C)
    .ARM.Collect$$_printf_percent$$00000017  0x00080160   Section        8  _printf_percent_end.o(.ARM.Collect$$_printf_percent$$00000017)
    .ARM.Collect$$libinit$$00000000          0x00080170   Section        6  libinit.o(.ARM.Collect$$libinit$$00000000)
    .ARM.Collect$$libinit$$00000006          0x00080176   Section        0  libinit2.o(.ARM.Collect$$libinit$$00000006)
    .ARM.Collect$$libinit$$00000008          0x00080176   Section        0  libinit2.o(.ARM.Collect$$libinit$$00000008)
    .ARM.Collect$$libinit$$0000000A          0x00080176   Section        0  libinit2.o(.ARM.Collect$$libinit$$0000000A)
    .ARM.Collect$$libinit$$0000000D          0x00080176   Section        0  libinit2.o(.ARM.Collect$$libinit$$0000000D)
    .ARM.Collect$$libinit$$0000000F          0x00080176   Section        0  libinit2.o(.ARM.Collect$$libinit$$0000000F)
    .ARM.Collect$$libinit$$00000011          0x00080176   Section        0  libinit2.o(.ARM.Collect$$libinit$$00000011)
    .ARM.Collect$$libinit$$00000013          0x00080176   Section        0  libinit2.o(.ARM.Collect$$libinit$$00000013)
    .ARM.Collect$$libinit$$00000015          0x00080176   Section        0  libinit2.o(.ARM.Collect$$libinit$$00000015)
    .ARM.Collect$$libinit$$00000017          0x00080176   Section        0  libinit2.o(.ARM.Collect$$libinit$$00000017)
    .ARM.Collect$$libinit$$00000019          0x00080176   Section        0  libinit2.o(.ARM.Collect$$libinit$$00000019)
    .ARM.Collect$$libinit$$0000001B          0x00080176   Section        0  libinit2.o(.ARM.Collect$$libinit$$0000001B)
    .ARM.Collect$$libinit$$0000001D          0x00080176   Section        0  libinit2.o(.ARM.Collect$$libinit$$0000001D)
    .ARM.Collect$$libinit$$0000001F          0x00080176   Section        0  libinit2.o(.ARM.Collect$$libinit$$0000001F)
    .ARM.Collect$$libinit$$00000021          0x00080176   Section        0  libinit2.o(.ARM.Collect$$libinit$$00000021)
    .ARM.Collect$$libinit$$00000028          0x00080176   Section        0  libinit2.o(.ARM.Collect$$libinit$$00000028)
    .ARM.Collect$$libinit$$0000002A          0x00080176   Section        0  libinit2.o(.ARM.Collect$$libinit$$0000002A)
    .ARM.Collect$$libinit$$0000002C          0x00080176   Section        0  libinit2.o(.ARM.Collect$$libinit$$0000002C)
    .ARM.Collect$$libinit$$0000002E          0x00080176   Section        0  libinit2.o(.ARM.Collect$$libinit$$0000002E)
    .ARM.Collect$$libinit$$0000002F          0x00080176   Section       12  libinit2.o(.ARM.Collect$$libinit$$0000002F)
    .ARM.Collect$$libshutdown$$00000000      0x0008018c   Section        4  libshutdown.o(.ARM.Collect$$libshutdown$$00000000)
    .ARM.Collect$$libshutdown$$00000003      0x00080190   Section        0  libshutdown2.o(.ARM.Collect$$libshutdown$$00000003)
    .ARM.Collect$$libshutdown$$00000006      0x00080190   Section        0  libshutdown2.o(.ARM.Collect$$libshutdown$$00000006)
    .ARM.Collect$$libshutdown$$00000009      0x00080190   Section        0  libshutdown2.o(.ARM.Collect$$libshutdown$$00000009)
    .ARM.Collect$$libshutdown$$0000000B      0x00080190   Section        0  libshutdown2.o(.ARM.Collect$$libshutdown$$0000000B)
    .ARM.Collect$$libshutdown$$0000000E      0x00080190   Section        0  libshutdown2.o(.ARM.Collect$$libshutdown$$0000000E)
    .ARM.Collect$$libshutdown$$0000000F      0x00080190   Section        6  libshutdown2.o(.ARM.Collect$$libshutdown$$0000000F)
    .ARM.Collect$$rtentry$$00000000          0x00080198   Section        0  rtentry.o(.ARM.Collect$$rtentry$$00000000)
    .ARM.Collect$$rtentry$$00000002          0x00080198   Section        0  rtentry2.o(.ARM.Collect$$rtentry$$00000002)
    .ARM.Collect$$rtentry$$00000004          0x00080198   Section        8  rtentry4.o(.ARM.Collect$$rtentry$$00000004)
    .ARM.Collect$$rtentry$$00000009          0x000801a0   Section        0  rtentry2.o(.ARM.Collect$$rtentry$$00000009)
    .ARM.Collect$$rtentry$$0000000A          0x000801a0   Section        4  rtentry2.o(.ARM.Collect$$rtentry$$0000000A)
    .ARM.Collect$$rtentry$$0000000C          0x000801a4   Section        0  rtentry2.o(.ARM.Collect$$rtentry$$0000000C)
    .ARM.Collect$$rtentry$$0000000D          0x000801a4   Section       40  rtentry2.o(.ARM.Collect$$rtentry$$0000000D)
    .ARM.Collect$$rtexit$$00000000           0x000801d0   Section        4  rtexit.o(.ARM.Collect$$rtexit$$00000000)
    .ARM.Collect$$rtexit$$00000002           0x000801d4   Section        0  rtexit2.o(.ARM.Collect$$rtexit$$00000002)
    .ARM.Collect$$rtexit$$00000003           0x000801d4   Section        4  rtexit2.o(.ARM.Collect$$rtexit$$00000003)
    .ARM.Collect$$rtexit$$00000004           0x000801d8   Section        8  rtexit2.o(.ARM.Collect$$rtexit$$00000004)
    .text                                    0x000801e0   Section       32  aduc702x.o(.text)
    .text                                    0x00080200   Section        0  aduc7026driver.o(.text)
    .text                                    0x000806d0   Section        0  ad5422test.o(.text)
    .text                                    0x000807e8   Section        0  ad5422.o(.text)
    .text                                    0x000809b8   Section        0  noretval__2printf.o(.text)
    .text                                    0x000809dc   Section        0  _printf_pad.o(.text)
    .text                                    0x00080a38   Section        0  _printf_hex_int.o(.text)
    .text                                    0x00080a94   Section        0  __printf_flags_wp.o(.text)
    .text                                    0x00080be4   Section        0  heapauxi.o(.text)
    .text                                    0x00080bea   Section        0  _printf_intcommon.o(.text)
    .text                                    0x00080ca0   Section        0  _printf_char_common.o(.text)
    _printf_input_char                       0x00080ca1   Thumb Code    10  _printf_char_common.o(.text)
    .text                                    0x00080cd4   Section       96  sys_stackheap_outer.o(.text)
    .text                                    0x00080d34   Section        0  exit.o(.text)
    .text                                    0x00080d40   Section       12  libspace.o(.text)
    .text                                    0x00080d4c   Section       16  rt_fp_status_addr_intlibspace.o(.text)
    i.__ARM_common_call_via_r1               0x00080d5c   Section        0  __printf.o(i.__ARM_common_call_via_r1)
    i.__ARM_common_call_via_r2               0x00080d5e   Section        0  __printf.o(i.__ARM_common_call_via_r2)
    x$fpl$fpinit                             0x00080d64   Section       24  fpinit.o(x$fpl$fpinit)
    .constdata                               0x00080d7c   Section       40  _printf_hex_int.o(.constdata)
    uc_hextab                                0x00080d7c   Data          20  _printf_hex_int.o(.constdata)
    lc_hextab                                0x00080d90   Data          20  _printf_hex_int.o(.constdata)
    .constdata                               0x00080da4   Section       17  __printf_flags_wp.o(.constdata)
    maptable                                 0x00080da4   Data          17  __printf_flags_wp.o(.constdata)

    Global Symbols

    Symbol Name                              Value     Ov Type        Size  Object(Section)

    BuildAttributes$$THM_ISAv1$ARM_ISAv4$S$PE$A:L22$X:L11$S22$IEEE1$IW$USESV6$~STKCKD$USESV7$~SHL$OSPACE$ROPI$EBA8$UX$STANDARDLIB$REQ8$PRES8$EABIv2 0x00000000   Number         0  anon$$obj.o ABSOLUTE
    __ARM_use_no_argv                        0x00000000   Number         0  ad5422test.o ABSOLUTE
    _printf_flags                            0x00000000   Number         0  printf_stubs.o ABSOLUTE
    _printf_return_value                     0x00000000   Number         0  printf_stubs.o ABSOLUTE
    _printf_sizespec                         0x00000000   Number         0  printf_stubs.o ABSOLUTE
    _printf_widthprec                        0x00000000   Number         0  printf_stubs.o ABSOLUTE
    __ARM_exceptions_init                     - Undefined Weak Reference
    __alloca_initialize                       - Undefined Weak Reference
    __cpp_initialize__aeabi_                  - Undefined Weak Reference
    __cxa_finalize                            - Undefined Weak Reference
    __rt_locale                               - Undefined Weak Reference
    __sigvec_lookup                           - Undefined Weak Reference
    _atexit_init                              - Undefined Weak Reference
    _call_atexit_fns                          - Undefined Weak Reference
    _clock_init                               - Undefined Weak Reference
    _fp_trap_init                             - Undefined Weak Reference
    _fp_trap_shutdown                         - Undefined Weak Reference
    _get_lc_collate                           - Undefined Weak Reference
    _get_lc_ctype                             - Undefined Weak Reference
    _get_lc_monetary                          - Undefined Weak Reference
    _get_lc_numeric                           - Undefined Weak Reference
    _get_lc_time                              - Undefined Weak Reference
    _getenv_init                              - Undefined Weak Reference
    _handle_redirection                       - Undefined Weak Reference
    _init_alloc                               - Undefined Weak Reference
    _init_user_alloc                          - Undefined Weak Reference
    _initio                                   - Undefined Weak Reference
    _printf_truncate_unsigned                 - Undefined Weak Reference
    _rand_init                                - Undefined Weak Reference
    _signal_finish                            - Undefined Weak Reference
    _signal_init                              - Undefined Weak Reference
    _terminate_alloc                          - Undefined Weak Reference
    _terminate_user_alloc                     - Undefined Weak Reference
    _terminateio                              - Undefined Weak Reference
    IRQ                                      0x00010000   Data           4  aduc7026driver.o(.data)
    SWI                                      0x00010004   Data           4  aduc7026driver.o(.data)
    FIQ                                      0x00010008   Data           4  aduc7026driver.o(.data)
    UNDEF                                    0x0001000c   Data           4  aduc7026driver.o(.data)
    PABORT                                   0x00010010   Data           4  aduc7026driver.o(.data)
    DABORT                                   0x00010014   Data           4  aduc7026driver.o(.data)
    __stdout                                 0x00010018   Data           4  aduc7026driver.o(.data)
    __stdin                                  0x0001001c   Data           4  aduc7026driver.o(.data)
    __stderr                                 0x00010020   Data           4  aduc7026driver.o(.data)
    buf                                      0x00010024   Data           3  ad5422test.o(.data)
    __libspace_start                         0x00010028   Data          96  libspace.o(.bss)
    __temporary_stack_top$libspace           0x00010088   Data           0  libspace.o(.bss)
    Reset_Handler                            0x00080040   ARM Code       0  aduc702x.o(RESET)
    __main                                   0x000800bc   ARM Code       8  __main.o(!!!main)
    __scatterload                            0x000800c4   ARM Code       0  __scatter.o(!!!scatter)
    __scatterload_rt2                        0x000800c4   ARM Code      52  __scatter.o(!!!scatter)
    __scatterload_null                       0x000800d8   ARM Code       0  __scatter.o(!!!scatter)
    __scatterload_copy                       0x00080100   ARM Code      40  __scatter_copy.o(!!handler_copy)
    __scatterload_zeroinit                   0x00080128   ARM Code      44  __scatter_zi.o(!!handler_zi)
    Inline Thumb to ARM Veneer to _printf_percent 0x00080155   Thumb Code     4  _printf_percent.o(.ARM.Collect$$_printf_percent$$00000000)
    _printf_percent                          0x00080158   ARM Code       0  _printf_percent.o(.ARM.Collect$$_printf_percent$$00000000)
    _printf_x                                0x00080158   ARM Code       0  _printf_x.o(.ARM.Collect$$_printf_percent$$0000000C)
    _printf_percent_end                      0x00080160   ARM Code       0  _printf_percent_end.o(.ARM.Collect$$_printf_percent$$00000017)
    Inline ARM to Thumb Veneer to __rt_lib_init 0x00080168   ARM Code       8  libinit.o(.ARM.Collect$$libinit$$00000000)
    __rt_lib_init                            0x00080171   Thumb Code     0  libinit.o(.ARM.Collect$$libinit$$00000000)
    __rt_lib_init_alloca_1                   0x00080177   Thumb Code     0  libinit2.o(.ARM.Collect$$libinit$$0000002A)
    __rt_lib_init_argv_1                     0x00080177   Thumb Code     0  libinit2.o(.ARM.Collect$$libinit$$00000028)
    __rt_lib_init_atexit_1                   0x00080177   Thumb Code     0  libinit2.o(.ARM.Collect$$libinit$$00000017)
    __rt_lib_init_clock_1                    0x00080177   Thumb Code     0  libinit2.o(.ARM.Collect$$libinit$$0000001D)
    __rt_lib_init_cpp_1                      0x00080177   Thumb Code     0  libinit2.o(.ARM.Collect$$libinit$$0000002E)
    __rt_lib_init_exceptions_1               0x00080177   Thumb Code     0  libinit2.o(.ARM.Collect$$libinit$$0000002C)
    __rt_lib_init_fp_trap_1                  0x00080177   Thumb Code     0  libinit2.o(.ARM.Collect$$libinit$$0000001B)
    __rt_lib_init_getenv_1                   0x00080177   Thumb Code     0  libinit2.o(.ARM.Collect$$libinit$$0000001F)
    __rt_lib_init_heap_1                     0x00080177   Thumb Code     0  libinit2.o(.ARM.Collect$$libinit$$00000006)
    __rt_lib_init_lc_collate_1               0x00080177   Thumb Code     0  libinit2.o(.ARM.Collect$$libinit$$0000000D)
    __rt_lib_init_lc_ctype_1                 0x00080177   Thumb Code     0  libinit2.o(.ARM.Collect$$libinit$$0000000F)
    __rt_lib_init_lc_monetary_1              0x00080177   Thumb Code     0  libinit2.o(.ARM.Collect$$libinit$$00000011)
    __rt_lib_init_lc_numeric_1               0x00080177   Thumb Code     0  libinit2.o(.ARM.Collect$$libinit$$00000013)
    __rt_lib_init_lc_time_1                  0x00080177   Thumb Code     0  libinit2.o(.ARM.Collect$$libinit$$00000015)
    __rt_lib_init_rand_1                     0x00080177   Thumb Code     0  libinit2.o(.ARM.Collect$$libinit$$0000000A)
    __rt_lib_init_return                     0x00080177   Thumb Code     0  libinit2.o(.ARM.Collect$$libinit$$0000002F)
    __rt_lib_init_signal_1                   0x00080177   Thumb Code     0  libinit2.o(.ARM.Collect$$libinit$$00000019)
    __rt_lib_init_stdio_1                    0x00080177   Thumb Code     0  libinit2.o(.ARM.Collect$$libinit$$00000021)
    __rt_lib_init_user_alloc_1               0x00080177   Thumb Code     0  libinit2.o(.ARM.Collect$$libinit$$00000008)
    Inline ARM to Thumb Veneer to __rt_lib_shutdown 0x00080184   ARM Code       8  libshutdown.o(.ARM.Collect$$libshutdown$$00000000)
    __rt_lib_shutdown                        0x0008018d   Thumb Code     0  libshutdown.o(.ARM.Collect$$libshutdown$$00000000)
    __rt_lib_shutdown_fp_trap_1              0x00080191   Thumb Code     0  libshutdown2.o(.ARM.Collect$$libshutdown$$00000006)
    __rt_lib_shutdown_heap_1                 0x00080191   Thumb Code     0  libshutdown2.o(.ARM.Collect$$libshutdown$$0000000E)
    __rt_lib_shutdown_return                 0x00080191   Thumb Code     0  libshutdown2.o(.ARM.Collect$$libshutdown$$0000000F)
    __rt_lib_shutdown_signal_1               0x00080191   Thumb Code     0  libshutdown2.o(.ARM.Collect$$libshutdown$$00000009)
    __rt_lib_shutdown_stdio_1                0x00080191   Thumb Code     0  libshutdown2.o(.ARM.Collect$$libshutdown$$00000003)
    __rt_lib_shutdown_user_alloc_1           0x00080191   Thumb Code     0  libshutdown2.o(.ARM.Collect$$libshutdown$$0000000B)
    __rt_entry                               0x00080198   ARM Code       0  rtentry.o(.ARM.Collect$$rtentry$$00000000)
    __rt_entry_presh_1                       0x00080198   ARM Code       0  rtentry2.o(.ARM.Collect$$rtentry$$00000002)
    __rt_entry_sh                            0x00080198   ARM Code       0  rtentry4.o(.ARM.Collect$$rtentry$$00000004)
    __rt_entry_li                            0x000801a0   ARM Code       0  rtentry2.o(.ARM.Collect$$rtentry$$0000000A)
    __rt_entry_postsh_1                      0x000801a0   ARM Code       0  rtentry2.o(.ARM.Collect$$rtentry$$00000009)
    __rt_entry_main                          0x000801a4   ARM Code       0  rtentry2.o(.ARM.Collect$$rtentry$$0000000D)
    __rt_entry_postli_1                      0x000801a4   ARM Code       0  rtentry2.o(.ARM.Collect$$rtentry$$0000000C)
    Inline Thumb to ARM Veneer to __rt_exit  0x000801cd   Thumb Code     4  rtexit.o(.ARM.Collect$$rtexit$$00000000)
    __rt_exit                                0x000801d0   ARM Code       0  rtexit.o(.ARM.Collect$$rtexit$$00000000)
    __rt_exit_ls                             0x000801d4   ARM Code       0  rtexit2.o(.ARM.Collect$$rtexit$$00000003)
    __rt_exit_prels_1                        0x000801d4   ARM Code       0  rtexit2.o(.ARM.Collect$$rtexit$$00000002)
    __rt_exit_exit                           0x000801d8   ARM Code       0  rtexit2.o(.ARM.Collect$$rtexit$$00000004)
    __user_initial_stackheap                 0x000801e0   ARM Code       0  aduc702x.o(.text)
    SendChar                                 0x00080200   ARM Code      60  aduc7026driver.o(.text)
    fputc                                    0x0008023c   ARM Code      28  aduc7026driver.o(.text)
    fgetc                                    0x00080258   ARM Code      12  aduc7026driver.o(.text)
    fclose                                   0x00080264   ARM Code      12  aduc7026driver.o(.text)
    ferror                                   0x00080270   ARM Code      12  aduc7026driver.o(.text)
    fseek                                    0x0008027c   ARM Code      12  aduc7026driver.o(.text)
    fflush                                   0x00080288   ARM Code      12  aduc7026driver.o(.text)
    _ttywrch                                 0x00080294   ARM Code      24  aduc7026driver.o(.text)
    _sys_exit                                0x000802ac   ARM Code       8  aduc7026driver.o(.text)
    ADuC7026InputBit                         0x000802b4   ARM Code     324  aduc7026driver.o(.text)
    ADuC7026OutputBit                        0x000803f8   ARM Code     356  aduc7026driver.o(.text)
    ADuC7026SetSystemClock                   0x0008055c   ARM Code      32  aduc7026driver.o(.text)
    ADuC7026InitializeUart                   0x0008057c   ARM Code      68  aduc7026driver.o(.text)
    Delay                                    0x000805c0   ARM Code      20  aduc7026driver.o(.text)
    IRQ_Handler                              0x000805d4   ARM Code       4  aduc7026driver.o(.text)
    FIQ_Handler                              0x000805d8   ARM Code      44  aduc7026driver.o(.text)
    SWI_Handler                              0x00080604   ARM Code      44  aduc7026driver.o(.text)
    Undef_Handler                            0x00080630   ARM Code      44  aduc7026driver.o(.text)
    PAbt_Handler                             0x0008065c   ARM Code      44  aduc7026driver.o(.text)
    DAbt_Handler                             0x00080688   ARM Code      44  aduc7026driver.o(.text)
    main                                     0x000806d0   ARM Code     252  ad5422test.o(.text)
    WriteToAD5422                            0x000807e8   ARM Code     228  ad5422.o(.text)
    ReadFromAD5422                           0x000808cc   ARM Code     228  ad5422.o(.text)
    Inline ARM to Thumb Veneer to __2printf  0x000809b0   ARM Code       8  noretval__2printf.o(.text)
    __2printf                                0x000809b9   Thumb Code    26  noretval__2printf.o(.text)
    _printf_pre_padding                      0x000809dd   Thumb Code    48  _printf_pad.o(.text)
    _printf_post_padding                     0x00080a0d   Thumb Code    36  _printf_pad.o(.text)
    Inline ARM to Thumb Veneer to _printf_int_hex 0x00080a30   ARM Code       8  _printf_hex_int.o(.text)
    _printf_int_hex                          0x00080a39   Thumb Code    88  _printf_hex_int.o(.text)
    _printf_longlong_hex                     0x00080a39   Thumb Code     0  _printf_hex_int.o(.text)
    __printf                                 0x00080a95   Thumb Code   332  __printf_flags_wp.o(.text)
    __use_two_region_memory                  0x00080be5   Thumb Code     2  heapauxi.o(.text)
    __rt_heap_escrow$2region                 0x00080be7   Thumb Code     2  heapauxi.o(.text)
    __rt_heap_expand$2region                 0x00080be9   Thumb Code     2  heapauxi.o(.text)
    _printf_int_common                       0x00080beb   Thumb Code   182  _printf_intcommon.o(.text)
    _printf_char_common                      0x00080cab   Thumb Code    38  _printf_char_common.o(.text)
    __user_setup_stackheap                   0x00080cd4   ARM Code      96  sys_stackheap_outer.o(.text)
    exit                                     0x00080d35   Thumb Code    12  exit.o(.text)
    __user_libspace                          0x00080d40   ARM Code      12  libspace.o(.text)
    __user_perproc_libspace                  0x00080d40   ARM Code       0  libspace.o(.text)
    __user_perthread_libspace                0x00080d40   ARM Code       0  libspace.o(.text)
    __rt_fp_status_addr                      0x00080d4c   ARM Code      16  rt_fp_status_addr_intlibspace.o(.text)
    __ARM_common_call_via_r1                 0x00080d5d   Thumb Code     2  __printf.o(i.__ARM_common_call_via_r1)
    __ARM_common_call_via_r2                 0x00080d5f   Thumb Code     2  __printf.o(i.__ARM_common_call_via_r2)
    Inline Thumb to ARM Veneer to _fp_init   0x00080d61   Thumb Code     4  fpinit.o(x$fpl$fpinit)
    _fp_init                                 0x00080d64   ARM Code      24  fpinit.o(x$fpl$fpinit)
    __fplib_config_pureend_doubles           0x00080d74   ARM Code       0  fpinit.o(x$fpl$fpinit)
    Region$$Table$$Base                      0x00080db8   Number         0  anon$$obj.o(Region$$Table)
    Region$$Table$$Limit                     0x00080dd8   Number         0  anon$$obj.o(Region$$Table)



==============================================================================

Memory Map of the image

  Image Entry point : 0x000800bc

  Load Region LR_IROM1 (Base: 0x00080000, Size: 0x00000e00, Max: 0x0000f800, ABSOLUTE)

    Execution Region ER_IROM1 (Base: 0x00080000, Size: 0x00000dd8, Max: 0x0000f800, ABSOLUTE)

    Base Addr    Size         Type   Attr      Idx    E Section Name        Object

    0x00080000   0x000000bc   Code   RO            3    RESET               aduc702x.o
    0x000800bc   0x00000008   Code   RO          160  * !!!main             __main.o(c_t.l)
    0x000800c4   0x0000003c   Code   RO          329    !!!scatter          __scatter.o(c_t.l)
    0x00080100   0x00000028   Code   RO          331    !!handler_copy      __scatter_copy.o(c_t.l)
    0x00080128   0x0000002c   Code   RO          333    !!handler_zi        __scatter_zi.o(c_t.l)
    0x00080154   0x00000004   Ven    RO          157    .ARM.Collect$$_printf_percent$$00000000  _printf_percent.o(c_t.l)
    0x00080158   0x00000000   Code   RO          157    .ARM.Collect$$_printf_percent$$00000000  _printf_percent.o(c_t.l)
    0x00080158   0x00000008   Code   RO          156    .ARM.Collect$$_printf_percent$$0000000C  _printf_x.o(c_t.l)
    0x00080160   0x00000008   Code   RO          168    .ARM.Collect$$_printf_percent$$00000017  _printf_percent_end.o(c_t.l)
    0x00080168   0x00000008   Ven    RO          203    .ARM.Collect$$libinit$$00000000  libinit.o(c_t.l)
    0x00080170   0x00000006   Code   RO          203    .ARM.Collect$$libinit$$00000000  libinit.o(c_t.l)
    0x00080176   0x00000000   Code   RO          211    .ARM.Collect$$libinit$$00000006  libinit2.o(c_t.l)
    0x00080176   0x00000000   Code   RO          213    .ARM.Collect$$libinit$$00000008  libinit2.o(c_t.l)
    0x00080176   0x00000000   Code   RO          215    .ARM.Collect$$libinit$$0000000A  libinit2.o(c_t.l)
    0x00080176   0x00000000   Code   RO          218    .ARM.Collect$$libinit$$0000000D  libinit2.o(c_t.l)
    0x00080176   0x00000000   Code   RO          220    .ARM.Collect$$libinit$$0000000F  libinit2.o(c_t.l)
    0x00080176   0x00000000   Code   RO          222    .ARM.Collect$$libinit$$00000011  libinit2.o(c_t.l)
    0x00080176   0x00000000   Code   RO          224    .ARM.Collect$$libinit$$00000013  libinit2.o(c_t.l)
    0x00080176   0x00000000   Code   RO          226    .ARM.Collect$$libinit$$00000015  libinit2.o(c_t.l)
    0x00080176   0x00000000   Code   RO          228    .ARM.Collect$$libinit$$00000017  libinit2.o(c_t.l)
    0x00080176   0x00000000   Code   RO          230    .ARM.Collect$$libinit$$00000019  libinit2.o(c_t.l)
    0x00080176   0x00000000   Code   RO          232    .ARM.Collect$$libinit$$0000001B  libinit2.o(c_t.l)
    0x00080176   0x00000000   Code   RO          234    .ARM.Collect$$libinit$$0000001D  libinit2.o(c_t.l)
    0x00080176   0x00000000   Code   RO          236    .ARM.Collect$$libinit$$0000001F  libinit2.o(c_t.l)
    0x00080176   0x00000000   Code   RO          238    .ARM.Collect$$libinit$$00000021  libinit2.o(c_t.l)
    0x00080176   0x00000000   Code   RO          242    .ARM.Collect$$libinit$$00000028  libinit2.o(c_t.l)
    0x00080176   0x00000000   Code   RO          244    .ARM.Collect$$libinit$$0000002A  libinit2.o(c_t.l)
    0x00080176   0x00000000   Code   RO          246    .ARM.Collect$$libinit$$0000002C  libinit2.o(c_t.l)
    0x00080176   0x00000000   Code   RO          248    .ARM.Collect$$libinit$$0000002E  libinit2.o(c_t.l)
    0x00080176   0x0000000c   Code   RO          249    .ARM.Collect$$libinit$$0000002F  libinit2.o(c_t.l)
    0x00080182   0x00000002   PAD
    0x00080184   0x00000008   Ven    RO          273    .ARM.Collect$$libshutdown$$00000000  libshutdown.o(c_t.l)
    0x0008018c   0x00000004   Code   RO          273    .ARM.Collect$$libshutdown$$00000000  libshutdown.o(c_t.l)
    0x00080190   0x00000000   Code   RO          284    .ARM.Collect$$libshutdown$$00000003  libshutdown2.o(c_t.l)
    0x00080190   0x00000000   Code   RO          287    .ARM.Collect$$libshutdown$$00000006  libshutdown2.o(c_t.l)
    0x00080190   0x00000000   Code   RO          290    .ARM.Collect$$libshutdown$$00000009  libshutdown2.o(c_t.l)
    0x00080190   0x00000000   Code   RO          292    .ARM.Collect$$libshutdown$$0000000B  libshutdown2.o(c_t.l)
    0x00080190   0x00000000   Code   RO          295    .ARM.Collect$$libshutdown$$0000000E  libshutdown2.o(c_t.l)
    0x00080190   0x00000006   Code   RO          296    .ARM.Collect$$libshutdown$$0000000F  libshutdown2.o(c_t.l)
    0x00080196   0x00000002   PAD
    0x00080198   0x00000000   Code   RO          162    .ARM.Collect$$rtentry$$00000000  rtentry.o(c_t.l)
    0x00080198   0x00000000   Code   RO          170    .ARM.Collect$$rtentry$$00000002  rtentry2.o(c_t.l)
    0x00080198   0x00000008   Code   RO          185    .ARM.Collect$$rtentry$$00000004  rtentry4.o(c_t.l)
    0x000801a0   0x00000000   Code   RO          172    .ARM.Collect$$rtentry$$00000009  rtentry2.o(c_t.l)
    0x000801a0   0x00000004   Code   RO          173    .ARM.Collect$$rtentry$$0000000A  rtentry2.o(c_t.l)
    0x000801a4   0x00000000   Code   RO          175    .ARM.Collect$$rtentry$$0000000C  rtentry2.o(c_t.l)
    0x000801a4   0x00000028   Code   RO          176    .ARM.Collect$$rtentry$$0000000D  rtentry2.o(c_t.l)
    0x000801cc   0x00000004   Ven    RO          207    .ARM.Collect$$rtexit$$00000000  rtexit.o(c_t.l)
    0x000801d0   0x00000004   Code   RO          207    .ARM.Collect$$rtexit$$00000000  rtexit.o(c_t.l)
    0x000801d4   0x00000000   Code   RO          253    .ARM.Collect$$rtexit$$00000002  rtexit2.o(c_t.l)
    0x000801d4   0x00000004   Code   RO          254    .ARM.Collect$$rtexit$$00000003  rtexit2.o(c_t.l)
    0x000801d8   0x00000008   Code   RO          255    .ARM.Collect$$rtexit$$00000004  rtexit2.o(c_t.l)
    0x000801e0   0x00000020   Code   RO            4    .text               aduc702x.o
    0x00080200   0x000004d0   Code   RO           11    .text               aduc7026driver.o
    0x000806d0   0x00000118   Code   RO           68    .text               ad5422test.o
    0x000807e8   0x000001c8   Code   RO           91    .text               ad5422.o
    0x000809b0   0x00000008   Ven    RO          107    .text               noretval__2printf.o(c_t.l)
    0x000809b8   0x00000024   Code   RO          107    .text               noretval__2printf.o(c_t.l)
    0x000809dc   0x00000054   Code   RO          115    .text               _printf_pad.o(c_t.l)
    0x00080a30   0x00000008   Ven    RO          120    .text               _printf_hex_int.o(c_t.l)
    0x00080a38   0x0000005c   Code   RO          120    .text               _printf_hex_int.o(c_t.l)
    0x00080a94   0x00000150   Code   RO          148    .text               __printf_flags_wp.o(c_t.l)
    0x00080be4   0x00000006   Code   RO          158    .text               heapauxi.o(c_t.l)
    0x00080bea   0x000000b6   Code   RO          164    .text               _printf_intcommon.o(c_t.l)
    0x00080ca0   0x00000034   Code   RO          166    .text               _printf_char_common.o(c_t.l)
    0x00080cd4   0x00000060   Code   RO          193    .text               sys_stackheap_outer.o(c_t.l)
    0x00080d34   0x0000000c   Code   RO          195    .text               exit.o(c_t.l)
    0x00080d40   0x0000000c   Code   RO          204    .text               libspace.o(c_t.l)
    0x00080d4c   0x00000010   Code   RO          263    .text               rt_fp_status_addr_intlibspace.o(c_t.l)
    0x00080d5c   0x00000002   Code   RO          113    i.__ARM_common_call_via_r1  __printf.o(c_t.l)
    0x00080d5e   0x00000002   Code   RO          111    i.__ARM_common_call_via_r2  __printf.o(c_t.l)
    0x00080d60   0x00000004   Ven    RO          250    x$fpl$fpinit        fpinit.o(fz_ts.l)
    0x00080d64   0x00000018   Code   RO          250    x$fpl$fpinit        fpinit.o(fz_ts.l)
    0x00080d7c   0x00000028   Data   RO          121    .constdata          _printf_hex_int.o(c_t.l)
    0x00080da4   0x00000011   Data   RO          149    .constdata          __printf_flags_wp.o(c_t.l)
    0x00080db5   0x00000003   PAD
    0x00080db8   0x00000020   Data   RO          327    Region$$Table       anon$$obj.o


    Execution Region RW_IRAM1 (Base: 0x00010000, Size: 0x00000708, Max: 0x00002000, ABSOLUTE)

    Base Addr    Size         Type   Attr      Idx    E Section Name        Object

    0x00010000   0x00000024   Data   RW           12    .data               aduc7026driver.o
    0x00010024   0x00000003   Data   RW           69    .data               ad5422test.o
    0x00010027   0x00000001   PAD
    0x00010028   0x00000060   Zero   RW          205    .bss                libspace.o(c_t.l)
    0x00010088   0x00000000   Zero   RW            2    HEAP                aduc702x.o
    0x00010088   0x00000680   Zero   RW            1    STACK               aduc702x.o


==============================================================================

Image component sizes


      Code (inc. data)   RO Data    RW Data    ZI Data      Debug   Object Name

       456          0          0          0          0       1103   ad5422.o
       280         28          0          3          0       1009   ad5422test.o
      1232         28          0         36          0       9784   aduc7026driver.o
       220         56          0          0       1664        496   aduc702x.o

    ----------------------------------------------------------------------
      2188        112         32         40       1664      12392   Object Totals
         0          0         32          0          0          0   (incl. Generated)
         0          0          0          1          0          2   (incl. Padding)

    ----------------------------------------------------------------------

      Code (inc. data)   RO Data    RW Data    ZI Data      Debug   Library Member Name

         8          0          0          0          0         68   __main.o
         4          0          0          0          0        120   __printf.o
       336          4         17          0          0         88   __printf_flags_wp.o
        60          8          0          0          0          0   __scatter.o
        40          0          0          0          0          0   __scatter_copy.o
        44          0          0          0          0          0   __scatter_zi.o
        52          4          0          0          0        100   _printf_char_common.o
       100          4         40          0          0         84   _printf_hex_int.o
       182          0          0          0          0         92   _printf_intcommon.o
        84          0          0          0          0        108   _printf_pad.o
         4          0          0          0          0          0   _printf_percent.o
         8          0          0          0          0          0   _printf_percent_end.o
         8          0          0          0          0          0   _printf_x.o
        12          0          0          0          0         60   exit.o
        28          0          0          0          0         80   fpinit.o
         6          0          0          0          0        132   heapauxi.o
        14          0          0          0          0          0   libinit.o
        12          0          0          0          0          0   libinit2.o
        12          0          0          0          0          0   libshutdown.o
         6          0          0          0          0          0   libshutdown2.o
        12          4          0          0         96         68   libspace.o
        44         10          0          0          0         84   noretval__2printf.o
        16          4          0          0          0         68   rt_fp_status_addr_intlibspace.o
         0          0          0          0          0          0   rtentry.o
        44          4          0          0          0          0   rtentry2.o
         8          0          0          0          0          0   rtentry4.o
         8          0          0          0          0          0   rtexit.o
        12          0          0          0          0          0   rtexit2.o
        96          0          0          0          0         80   sys_stackheap_outer.o

    ----------------------------------------------------------------------
      1264         42         60          0         96       1232   Library Totals
         4          0          3          0          0          0   (incl. Padding)

    ----------------------------------------------------------------------

      Code (inc. data)   RO Data    RW Data    ZI Data      Debug   Library Name

      1232         42         57          0         96       1152   c_t.l
        28          0          0          0          0         80   fz_ts.l

    ----------------------------------------------------------------------
      1264         42         60          0         96       1232   Library Totals

    ----------------------------------------------------------------------

==============================================================================


      Code (inc. data)   RO Data    RW Data    ZI Data      Debug   

      3452        154         92         40       1760      12948   Grand Totals
      3452        154         92         40       1760      12948   ELF Image Totals
      3452        154         92         40          0          0   ROM Totals

==============================================================================

    Total RO  Size (Code + RO Data)                 3544 (   3.46kB)
    Total RW  Size (RW Data + ZI Data)              1800 (   1.76kB)
    Total ROM Size (Code + RO Data + RW Data)       3584 (   3.50kB)

==============================================================================

