Component: ARM Compiler 5.06 update 4 (build 422) Tool: armlink [4d35d2]

==============================================================================

Section Cross References

    main.o(.text) refers to spi538.o(.text) for MAX538_WriteValue
    main.o(.text) refers to stm32f10x_gpio.o(.text) for GPIO_SetBits
    main.o(.text) refers to delay.o(.text) for delay_init
    main.o(.text) refers to jdq.o(.text) for JDQ_Init
    main.o(.text) refers to spiad.o(.text) for AD7810_Init
    main.o(.text) refers to iic.o(.text) for IIC_Init
    main.o(.text) refers to mb.o(.text) for eMBInit
    main.o(.text) refers to fflt_clz.o(x$fpl$ffltu) for __aeabi_ui2f
    main.o(.text) refers to f2d.o(x$fpl$f2d) for __aeabi_f2d
    main.o(.text) refers to dmul.o(x$fpl$dmul) for __aeabi_dmul
    main.o(.text) refers to dfixu.o(x$fpl$dfixu) for __aeabi_d2uiz
    main.o(.text) refers to main.o(.bss) for usRegHoldingBuf
    main.o(.text) refers to main.o(.data) for voltageDA2
    main.o(.text) refers to spiad.o(.data) for aftervalue
    main.o(.text) refers to mbutils.o(.text) for xMBUtilGetBits
    system_stm32f10x.o(.text) refers to system_stm32f10x.o(.data) for SystemCoreClock
    jdq.o(.text) refers to stm32f10x_rcc.o(.text) for RCC_APB2PeriphClockCmd
    jdq.o(.text) refers to stm32f10x_gpio.o(.text) for GPIO_Init
    spi538.o(.text) refers to stm32f10x_rcc.o(.text) for RCC_APB2PeriphClockCmd
    spi538.o(.text) refers to stm32f10x_gpio.o(.text) for GPIO_Init
    spi538.o(.text) refers to fflt_clz.o(x$fpl$ffltu) for __aeabi_ui2f
    spi538.o(.text) refers to fdiv.o(x$fpl$fdiv) for __aeabi_fdiv
    spi538.o(.text) refers to f2d.o(x$fpl$f2d) for __aeabi_f2d
    spi538.o(.text) refers to dmul.o(x$fpl$dmul) for __aeabi_dmul
    spi538.o(.text) refers to dfixu.o(x$fpl$dfixu) for __aeabi_d2uiz
    spiad.o(.text) refers to stm32f10x_rcc.o(.text) for RCC_APB2PeriphClockCmd
    spiad.o(.text) refers to stm32f10x_gpio.o(.text) for GPIO_Init
    spiad.o(.text) refers to spiad.o(.data) for aftervalue
    iic.o(.text) refers to stm32f10x_rcc.o(.text) for RCC_APB2PeriphClockCmd
    iic.o(.text) refers to stm32f10x_gpio.o(.text) for GPIO_Init
    iic.o(.text) refers to delay.o(.text) for delay_us
    delay.o(.text) refers to delay.o(.data) for fac_us
    startup_stm32f10x_hd.o(STACK) refers (Special) to heapauxi.o(.text) for __use_two_region_memory
    startup_stm32f10x_hd.o(HEAP) refers (Special) to heapauxi.o(.text) for __use_two_region_memory
    startup_stm32f10x_hd.o(RESET) refers (Special) to heapauxi.o(.text) for __use_two_region_memory
    startup_stm32f10x_hd.o(RESET) refers to startup_stm32f10x_hd.o(STACK) for __initial_sp
    startup_stm32f10x_hd.o(RESET) refers to startup_stm32f10x_hd.o(.text) for Reset_Handler
    startup_stm32f10x_hd.o(RESET) refers to stm32f10x_it.o(.text) for NMI_Handler
    startup_stm32f10x_hd.o(RESET) refers to porttimer.o(.text) for TIM4_IRQHandler
    startup_stm32f10x_hd.o(RESET) refers to portserial.o(.text) for USART1_IRQHandler
    startup_stm32f10x_hd.o(.text) refers (Special) to heapauxi.o(.text) for __use_two_region_memory
    startup_stm32f10x_hd.o(.text) refers to system_stm32f10x.o(.text) for SystemInit
    startup_stm32f10x_hd.o(.text) refers to __main.o(!!!main) for __main
    startup_stm32f10x_hd.o(.text) refers to startup_stm32f10x_hd.o(HEAP) for Heap_Mem
    startup_stm32f10x_hd.o(.text) refers to startup_stm32f10x_hd.o(STACK) for Stack_Mem
    stm32f10x_gpio.o(.text) refers to stm32f10x_rcc.o(.text) for RCC_APB2PeriphResetCmd
    stm32f10x_rcc.o(.text) refers to stm32f10x_rcc.o(.data) for APBAHBPrescTable
    stm32f10x_usart.o(.text) refers to stm32f10x_rcc.o(.text) for RCC_APB2PeriphResetCmd
    stm32f10x_tim.o(.text) refers to stm32f10x_rcc.o(.text) for RCC_APB2PeriphResetCmd
    mbfunccoils.o(.text) refers to main.o(.text) for eMBRegCoilsCB
    mbfunccoils.o(.text) refers to mbutils.o(.text) for prveMBError2Exception
    mbfuncdisc.o(.text) refers to main.o(.text) for eMBRegDiscreteCB
    mbfuncdisc.o(.text) refers to mbutils.o(.text) for prveMBError2Exception
    mbfuncholding.o(.text) refers to main.o(.text) for eMBRegHoldingCB
    mbfuncholding.o(.text) refers to mbutils.o(.text) for prveMBError2Exception
    mbfuncinput.o(.text) refers to main.o(.text) for eMBRegInputCB
    mbfuncinput.o(.text) refers to mbutils.o(.text) for prveMBError2Exception
    mbfuncother.o(.text) refers to rt_memcpy_v6.o(.text) for __aeabi_memcpy
    mbfuncother.o(.text) refers to mbfuncother.o(.data) for usMBSlaveIDLen
    mbfuncother.o(.text) refers to mbfuncother.o(.bss) for ucMBSlaveID
    mbutils.o(.text) refers to assert.o(.text) for __aeabi_assert
    mbcrc.o(.text) refers to mbcrc.o(.constdata) for aucCRCHi
    mbrtu.o(.text) refers to portserial.o(.text) for xMBPortSerialInit
    mbrtu.o(.text) refers to porttimer.o(.text) for xMBPortTimersInit
    mbrtu.o(.text) refers to assert.o(.text) for __aeabi_assert
    mbrtu.o(.text) refers to mbcrc.o(.text) for usMBCRC16
[...]
    _get_argv_nomalloc.o(.text) refers to defsig_rtmem_outer.o(.text) for __rt_SIGRTMEM
    _get_argv_nomalloc.o(.text) refers to sys_command.o(.text) for _sys_command_string
    libshutdown.o(.ARM.Collect$$libshutdown$$00000000) refers (Special) to libshutdown2.o(.ARM.Collect$$libshutdown$$00000002) for __rt_lib_shutdown_cpp_1
    libshutdown.o(.ARM.Collect$$libshutdown$$00000000) refers (Special) to libshutdown2.o(.ARM.Collect$$libshutdown$$00000007) for __rt_lib_shutdown_fp_trap_1
    libshutdown.o(.ARM.Collect$$libshutdown$$00000000) refers (Special) to libshutdown2.o(.ARM.Collect$$libshutdown$$0000000F) for __rt_lib_shutdown_heap_1
    libshutdown.o(.ARM.Collect$$libshutdown$$00000000) refers (Special) to libshutdown2.o(.ARM.Collect$$libshutdown$$00000010) for __rt_lib_shutdown_return
    libshutdown.o(.ARM.Collect$$libshutdown$$00000000) refers (Special) to libshutdown2.o(.ARM.Collect$$libshutdown$$0000000A) for __rt_lib_shutdown_signal_1
    libshutdown.o(.ARM.Collect$$libshutdown$$00000000) refers (Special) to libshutdown2.o(.ARM.Collect$$libshutdown$$00000004) for __rt_lib_shutdown_stdio_1
    libshutdown.o(.ARM.Collect$$libshutdown$$00000000) refers (Special) to libshutdown2.o(.ARM.Collect$$libshutdown$$0000000C) for __rt_lib_shutdown_user_alloc_1
    sys_command.o(.text) refers (Special) to use_no_semi.o(.text) for __I$use$semihosting
    sys_command.o(.text) refers (Special) to indicate_semi.o(.text) for __semihosting_library_function
    defsig_rtmem_outer.o(.text) refers to defsig_rtmem_inner.o(.text) for __rt_SIGRTMEM_inner
    defsig_rtmem_outer.o(.text) refers to defsig_exit.o(.text) for __sig_exit
    defsig_rtmem_formal.o(.text) refers to rt_raise.o(.text) for __rt_raise


==============================================================================

Removing Unused input sections from the image.

    Removing sys.o(.emb_text), (6 bytes).
    Removing sys.o(.text), (12 bytes).
    Removing core_cm3.o(.emb_text), (32 bytes).

3 unused section(s) (total 50 bytes) removed from the image.

==============================================================================

Image Symbol Table

    Local Symbols

    Symbol Name                              Value     Ov Type        Size  Object(Section)

    ../clib/angel/boardlib.s                 0x00000000   Number         0  boardinit2.o ABSOLUTE
    ../clib/angel/boardlib.s                 0x00000000   Number         0  boardshut.o ABSOLUTE
    ../clib/angel/boardlib.s                 0x00000000   Number         0  boardinit1.o ABSOLUTE
    ../clib/angel/boardlib.s                 0x00000000   Number         0  boardinit3.o ABSOLUTE
    ../clib/angel/handlers.s                 0x00000000   Number         0  __scatter_zi.o ABSOLUTE
    ../clib/angel/handlers.s                 0x00000000   Number         0  __scatter_copy.o ABSOLUTE
    ../clib/angel/kernel.s                   0x00000000   Number         0  rtexit.o ABSOLUTE
    ../clib/angel/kernel.s                   0x00000000   Number         0  __rtentry2.o ABSOLUTE
    ../clib/angel/kernel.s                   0x00000000   Number         0  rtexit2.o ABSOLUTE
    ../clib/angel/kernel.s                   0x00000000   Number         0  __rtentry.o ABSOLUTE
    ../clib/angel/kernel.s                   0x00000000   Number         0  __rtentry4.o ABSOLUTE
    ../clib/angel/rt.s                       0x00000000   Number         0  rt_raise.o ABSOLUTE
    ../clib/angel/scatter.s                  0x00000000   Number         0  __scatter.o ABSOLUTE
    ../clib/angel/startup.s                  0x00000000   Number         0  __main.o ABSOLUTE
    ../clib/angel/sys.s                      0x00000000   Number         0  use_no_semi.o ABSOLUTE
    ../clib/angel/sys.s                      0x00000000   Number         0  sys_stackheap_outer.o ABSOLUTE
    ../clib/angel/sys.s                      0x00000000   Number         0  indicate_semi.o ABSOLUTE
    ../clib/angel/sys.s                      0x00000000   Number         0  libspace.o ABSOLUTE
    ../clib/angel/sysapp.c                   0x00000000   Number         0  sys_exit.o ABSOLUTE
    ../clib/angel/sysapp.c                   0x00000000   Number         0  sys_wrch.o ABSOLUTE
    ../clib/angel/sysapp.c                   0x00000000   Number         0  sys_command.o ABSOLUTE
    ../clib/armsys.c                         0x00000000   Number         0  no_argv.o ABSOLUTE
    ../clib/armsys.c                         0x00000000   Number         0  argv_veneer.o ABSOLUTE
    ../clib/armsys.c                         0x00000000   Number         0  _get_argv_nomalloc.o ABSOLUTE
    ../clib/armsys.c                         0x00000000   Number         0  argv_veneer.o ABSOLUTE
    ../clib/assert.c                         0x00000000   Number         0  assert.o ABSOLUTE
    ../clib/assert.c                         0x00000000   Number         0  assert_puts.o ABSOLUTE
    ../clib/heapalloc.c                      0x00000000   Number         0  hrguard.o ABSOLUTE
    ../clib/heapaux.c                        0x00000000   Number         0  heapauxi.o ABSOLUTE
    ../clib/libinit.s                        0x00000000   Number         0  libshutdown2.o ABSOLUTE
    ../clib/libinit.s                        0x00000000   Number         0  libshutdown.o ABSOLUTE
    ../clib/libinit.s                        0x00000000   Number         0  libinit2.o ABSOLUTE
    ../clib/libinit.s                        0x00000000   Number         0  libinit.o ABSOLUTE
    ../clib/memcpset.s                       0x00000000   Number         0  rt_memcpy_v6.o ABSOLUTE
    ../clib/memcpset.s                       0x00000000   Number         0  rt_memcpy_w.o ABSOLUTE
    ../clib/signal.c                         0x00000000   Number         0  defsig_rtmem_formal.o ABSOLUTE
    ../clib/signal.c                         0x00000000   Number         0  defsig_rtmem_outer.o ABSOLUTE
    ../clib/signal.c                         0x00000000   Number         0  defsig_other.o ABSOLUTE
    ../clib/signal.c                         0x00000000   Number         0  defsig_segv_inner.o ABSOLUTE
    ../clib/signal.c                         0x00000000   Number         0  defsig_cppl_inner.o ABSOLUTE
    ../clib/signal.c                         0x00000000   Number         0  defsig_pvfn_inner.o ABSOLUTE
    ../clib/signal.c                         0x00000000   Number         0  defsig_stak_inner.o ABSOLUTE
    ../clib/signal.c                         0x00000000   Number         0  defsig_rtmem_inner.o ABSOLUTE
    ../clib/signal.c                         0x00000000   Number         0  defsig_rtred_inner.o ABSOLUTE
    ../clib/signal.c                         0x00000000   Number         0  defsig_fpe_inner.o ABSOLUTE
    ../clib/signal.c                         0x00000000   Number         0  defsig_general.o ABSOLUTE
    ../clib/signal.c                         0x00000000   Number         0  __raise.o ABSOLUTE
    ../clib/signal.c                         0x00000000   Number         0  defsig_abrt_inner.o ABSOLUTE
    ../clib/signal.c                         0x00000000   Number         0  defsig_exit.o ABSOLUTE
    ../clib/signal.c                         0x00000000   Number         0  defsig_abrt_formal.o ABSOLUTE
    ../clib/signal.c                         0x00000000   Number         0  defsig_abrt_outer.o ABSOLUTE
    ../clib/signal.s                         0x00000000   Number         0  defsig.o ABSOLUTE
    ../clib/stdlib.c                         0x00000000   Number         0  abort.o ABSOLUTE
    ../clib/stdlib.c                         0x00000000   Number         0  exit.o ABSOLUTE
    ../fplib/dfixu.s                         0x00000000   Number         0  dfixu.o ABSOLUTE
    ../fplib/dmul.s                          0x00000000   Number         0  dmul.o ABSOLUTE
    ../fplib/dnaninf.s                       0x00000000   Number         0  dnaninf.o ABSOLUTE
    ../fplib/dretinf.s                       0x00000000   Number         0  dretinf.o ABSOLUTE
    ../fplib/f2d.s                           0x00000000   Number         0  f2d.o ABSOLUTE
    ../fplib/fdiv.s                          0x00000000   Number         0  fdiv.o ABSOLUTE
    ../fplib/fflt.s                          0x00000000   Number         0  fflt_clz.o ABSOLUTE
    ../fplib/fnaninf.s                       0x00000000   Number         0  fnaninf.o ABSOLUTE
    ../fplib/fpinit.s                        0x00000000   Number         0  fpinit.o ABSOLUTE
    ../fplib/fretinf.s                       0x00000000   Number         0  fretinf.o ABSOLUTE
    ../fplib/usenofp.s                       0x00000000   Number         0  usenofp.o ABSOLUTE
    ..\CORE\core_cm3.c                       0x00000000   Number         0  core_cm3.o ABSOLUTE
    ..\CORE\startup_stm32f10x_hd.s           0x00000000   Number         0  startup_stm32f10x_hd.o ABSOLUTE
    ..\Free Modbus\ascii\mbascii.c           0x00000000   Number         0  mbascii.o ABSOLUTE
    ..\Free Modbus\functions\mbfunccoils.c   0x00000000   Number         0  mbfunccoils.o ABSOLUTE
    ..\Free Modbus\functions\mbfuncdiag.c    0x00000000   Number         0  mbfuncdiag.o ABSOLUTE
    ..\Free Modbus\functions\mbfuncdisc.c    0x00000000   Number         0  mbfuncdisc.o ABSOLUTE
    ..\Free Modbus\functions\mbfuncholding.c 0x00000000   Number         0  mbfuncholding.o ABSOLUTE
    ..\Free Modbus\functions\mbfuncinput.c   0x00000000   Number         0  mbfuncinput.o ABSOLUTE
    ..\Free Modbus\functions\mbfuncother.c   0x00000000   Number         0  mbfuncother.o ABSOLUTE
    ..\Free Modbus\functions\mbutils.c       0x00000000   Number         0  mbutils.o ABSOLUTE
    ..\Free Modbus\mb.c                      0x00000000   Number         0  mb.o ABSOLUTE
    ..\Free Modbus\rtu\mbcrc.c               0x00000000   Number         0  mbcrc.o ABSOLUTE
    ..\Free Modbus\rtu\mbrtu.c               0x00000000   Number         0  mbrtu.o ABSOLUTE
    ..\Free Modbus\tcp\mbtcp.c               0x00000000   Number         0  mbtcp.o ABSOLUTE
    ..\HARDWARE\IIC\iic.c                    0x00000000   Number         0  iic.o ABSOLUTE
    ..\HARDWARE\JDQ\JDQ.c                    0x00000000   Number         0  jdq.o ABSOLUTE
    ..\HARDWARE\SPIAD\spiad.c                0x00000000   Number         0  spiad.o ABSOLUTE
    ..\HARDWARE\SPI\spi538.c                 0x00000000   Number         0  spi538.o ABSOLUTE
    ..\Modbus Port\portevent.c               0x00000000   Number         0  portevent.o ABSOLUTE
    ..\Modbus Port\portserial.c              0x00000000   Number         0  portserial.o ABSOLUTE
    ..\Modbus Port\porttimer.c               0x00000000   Number         0  porttimer.o ABSOLUTE
    ..\STM32F10x_FWLib\src\misc.c            0x00000000   Number         0  misc.o ABSOLUTE
    ..\STM32F10x_FWLib\src\stm32f10x_gpio.c  0x00000000   Number         0  stm32f10x_gpio.o ABSOLUTE
    ..\STM32F10x_FWLib\src\stm32f10x_rcc.c   0x00000000   Number         0  stm32f10x_rcc.o ABSOLUTE
    ..\STM32F10x_FWLib\src\stm32f10x_tim.c   0x00000000   Number         0  stm32f10x_tim.o ABSOLUTE
    ..\STM32F10x_FWLib\src\stm32f10x_usart.c 0x00000000   Number         0  stm32f10x_usart.o ABSOLUTE
    ..\SYSTEM\delay\delay.c                  0x00000000   Number         0  delay.o ABSOLUTE
    ..\SYSTEM\sys\sys.c                      0x00000000   Number         0  sys.o ABSOLUTE
    ..\\CORE\\core_cm3.c                     0x00000000   Number         0  core_cm3.o ABSOLUTE
    ..\\SYSTEM\\sys\\sys.c                   0x00000000   Number         0  sys.o ABSOLUTE
    dc.s                                     0x00000000   Number         0  dc.o ABSOLUTE
    main.c                                   0x00000000   Number         0  main.o ABSOLUTE
    stm32f10x_it.c                           0x00000000   Number         0  stm32f10x_it.o ABSOLUTE
    system_stm32f10x.c                       0x00000000   Number         0  system_stm32f10x.o ABSOLUTE
    RESET                                    0x08000000   Section      304  startup_stm32f10x_hd.o(RESET)
    !!!main                                  0x08000130   Section        8  __main.o(!!!main)
    !!!scatter                               0x08000138   Section       52  __scatter.o(!!!scatter)
    !!handler_copy                           0x0800016c   Section       26  __scatter_copy.o(!!handler_copy)
    !!handler_zi                             0x08000188   Section       28  __scatter_zi.o(!!handler_zi)
    .ARM.Collect$$libinit$$00000000          0x080001a4   Section        2  libinit.o(.ARM.Collect$$libinit$$00000000)
    .ARM.Collect$$libinit$$00000002          0x080001a6   Section        0  libinit2.o(.ARM.Collect$$libinit$$00000002)
    .ARM.Collect$$libinit$$00000004          0x080001a6   Section        0  libinit2.o(.ARM.Collect$$libinit$$00000004)
    .ARM.Collect$$libinit$$0000000A          0x080001a6   Section        0  libinit2.o(.ARM.Collect$$libinit$$0000000A)
    .ARM.Collect$$libinit$$0000000C          0x080001a6   Section        0  libinit2.o(.ARM.Collect$$libinit$$0000000C)
    .ARM.Collect$$libinit$$0000000E          0x080001a6   Section        0  libinit2.o(.ARM.Collect$$libinit$$0000000E)
    .ARM.Collect$$libinit$$00000011          0x080001a6   Section        0  libinit2.o(.ARM.Collect$$libinit$$00000011)
    .ARM.Collect$$libinit$$00000013          0x080001a6   Section        0  libinit2.o(.ARM.Collect$$libinit$$00000013)
    .ARM.Collect$$libinit$$00000015          0x080001a6   Section        0  libinit2.o(.ARM.Collect$$libinit$$00000015)
    .ARM.Collect$$libinit$$00000017          0x080001a6   Section        0  libinit2.o(.ARM.Collect$$libinit$$00000017)
    .ARM.Collect$$libinit$$00000019          0x080001a6   Section        0  libinit2.o(.ARM.Collect$$libinit$$00000019)
    .ARM.Collect$$libinit$$0000001B          0x080001a6   Section        0  libinit2.o(.ARM.Collect$$libinit$$0000001B)
    .ARM.Collect$$libinit$$0000001D          0x080001a6   Section        0  libinit2.o(.ARM.Collect$$libinit$$0000001D)
    .ARM.Collect$$libinit$$0000001F          0x080001a6   Section        0  libinit2.o(.ARM.Collect$$libinit$$0000001F)
    .ARM.Collect$$libinit$$00000021          0x080001a6   Section        0  libinit2.o(.ARM.Collect$$libinit$$00000021)
    .ARM.Collect$$libinit$$00000023          0x080001a6   Section        0  libinit2.o(.ARM.Collect$$libinit$$00000023)
    .ARM.Collect$$libinit$$00000025          0x080001a6   Section        0  libinit2.o(.ARM.Collect$$libinit$$00000025)
    .ARM.Collect$$libinit$$0000002C          0x080001a6   Section        0  libinit2.o(.ARM.Collect$$libinit$$0000002C)
    .ARM.Collect$$libinit$$0000002E          0x080001a6   Section        0  libinit2.o(.ARM.Collect$$libinit$$0000002E)
    .ARM.Collect$$libinit$$00000030          0x080001a6   Section        0  libinit2.o(.ARM.Collect$$libinit$$00000030)
    .ARM.Collect$$libinit$$00000032          0x080001a6   Section        0  libinit2.o(.ARM.Collect$$libinit$$00000032)
    .ARM.Collect$$libinit$$00000033          0x080001a6   Section        2  libinit2.o(.ARM.Collect$$libinit$$00000033)
    .ARM.Collect$$libshutdown$$00000000      0x080001a8   Section        2  libshutdown.o(.ARM.Collect$$libshutdown$$00000000)
    .ARM.Collect$$libshutdown$$00000002      0x080001aa   Section        0  libshutdown2.o(.ARM.Collect$$libshutdown$$00000002)
    .ARM.Collect$$libshutdown$$00000004      0x080001aa   Section        0  libshutdown2.o(.ARM.Collect$$libshutdown$$00000004)
    .ARM.Collect$$libshutdown$$00000007      0x080001aa   Section        0  libshutdown2.o(.ARM.Collect$$libshutdown$$00000007)
    .ARM.Collect$$libshutdown$$0000000A      0x080001aa   Section        0  libshutdown2.o(.ARM.Collect$$libshutdown$$0000000A)
    .ARM.Collect$$libshutdown$$0000000C      0x080001aa   Section        0  libshutdown2.o(.ARM.Collect$$libshutdown$$0000000C)
    .ARM.Collect$$libshutdown$$0000000F      0x080001aa   Section        0  libshutdown2.o(.ARM.Collect$$libshutdown$$0000000F)
    .ARM.Collect$$libshutdown$$00000010      0x080001aa   Section        2  libshutdown2.o(.ARM.Collect$$libshutdown$$00000010)
    .ARM.Collect$$rtentry$$00000000          0x080001ac   Section        0  __rtentry.o(.ARM.Collect$$rtentry$$00000000)
    .ARM.Collect$$rtentry$$00000002          0x080001ac   Section        0  __rtentry2.o(.ARM.Collect$$rtentry$$00000002)
    .ARM.Collect$$rtentry$$00000004          0x080001ac   Section        6  __rtentry4.o(.ARM.Collect$$rtentry$$00000004)
    .ARM.Collect$$rtentry$$00000009          0x080001b2   Section        0  __rtentry2.o(.ARM.Collect$$rtentry$$00000009)
    .ARM.Collect$$rtentry$$0000000A          0x080001b2   Section        4  __rtentry2.o(.ARM.Collect$$rtentry$$0000000A)
    .ARM.Collect$$rtentry$$0000000C          0x080001b6   Section        0  __rtentry2.o(.ARM.Collect$$rtentry$$0000000C)
    .ARM.Collect$$rtentry$$0000000D          0x080001b6   Section        8  __rtentry2.o(.ARM.Collect$$rtentry$$0000000D)
    .ARM.Collect$$rtexit$$00000000           0x080001be   Section        2  rtexit.o(.ARM.Collect$$rtexit$$00000000)
    .ARM.Collect$$rtexit$$00000002           0x080001c0   Section        0  rtexit2.o(.ARM.Collect$$rtexit$$00000002)
    .ARM.Collect$$rtexit$$00000003           0x080001c0   Section        4  rtexit2.o(.ARM.Collect$$rtexit$$00000003)
    .ARM.Collect$$rtexit$$00000004           0x080001c4   Section        6  rtexit2.o(.ARM.Collect$$rtexit$$00000004)
    .text                                    0x080001cc   Section        0  main.o(.text)
    .text                                    0x08000718   Section        0  stm32f10x_it.o(.text)
    .text                                    0x08000734   Section        0  system_stm32f10x.o(.text)
    SetSysClockTo72                          0x08000735   Thumb Code   214  system_stm32f10x.o(.text)
    SetSysClock                              0x0800080b   Thumb Code     8  system_stm32f10x.o(.text)
    .text                                    0x08000914   Section        0  jdq.o(.text)
    .text                                    0x08000ac0   Section        0  spi538.o(.text)
    .text                                    0x08000c6c   Section        0  spiad.o(.text)
    .text                                    0x08000f9c   Section        0  iic.o(.text)
    .text                                    0x0800138c   Section        0  delay.o(.text)
    .text                                    0x0800143c   Section       64  startup_stm32f10x_hd.o(.text)
    .text                                    0x0800147c   Section        0  stm32f10x_gpio.o(.text)
    .text                                    0x080017d8   Section        0  stm32f10x_rcc.o(.text)
    .text                                    0x08001b7c   Section        0  stm32f10x_usart.o(.text)
    .text                                    0x08001f84   Section        0  misc.o(.text)
    .text                                    0x08002060   Section        0  stm32f10x_tim.o(.text)
    TI4_Config                               0x08002507   Thumb Code   130  stm32f10x_tim.o(.text)
    TI3_Config                               0x0800259b   Thumb Code   122  stm32f10x_tim.o(.text)
    TI2_Config                               0x0800262f   Thumb Code   130  stm32f10x_tim.o(.text)
    TI1_Config                               0x080026c3   Thumb Code   108  stm32f10x_tim.o(.text)
    .text                                    0x08002e7a   Section        0  mbfunccoils.o(.text)
    .text                                    0x0800301a   Section        0  mbfuncdisc.o(.text)
    .text                                    0x080030be   Section        0  mbfuncholding.o(.text)
    .text                                    0x080032be   Section        0  mbfuncinput.o(.text)
    .text                                    0x08003344   Section        0  mbfuncother.o(.text)
    .text                                    0x080033d8   Section        0  mbutils.o(.text)
    .text                                    0x080034c0   Section        0  mbcrc.o(.text)
    .text                                    0x080034f8   Section        0  mbrtu.o(.text)
    .text                                    0x08003854   Section        0  mb.o(.text)
    .text                                    0x08003b3c   Section        0  portevent.o(.text)
    .text                                    0x08003b78   Section        0  portserial.o(.text)
    prvvUARTTxReadyISR                       0x08003cdf   Thumb Code    10  portserial.o(.text)
    prvvUARTRxISR                            0x08003ce9   Thumb Code    10  portserial.o(.text)
    .text                                    0x08003d40   Section        0  porttimer.o(.text)
    prvvTIMERExpiredISR                      0x08003e13   Thumb Code    10  porttimer.o(.text)
    .text                                    0x08003e44   Section        0  assert.o(.text)
    .text                                    0x08003ec4   Section      138  rt_memcpy_v6.o(.text)
    .text                                    0x08003f4e   Section        0  heapauxi.o(.text)
    .text                                    0x08003f54   Section        0  abort.o(.text)
    .text                                    0x08003f6a   Section        0  assert_puts.o(.text)
    .text                                    0x08003f7e   Section      100  rt_memcpy_w.o(.text)
    .text                                    0x08003fe2   Section        0  sys_wrch.o(.text)
    .text                                    0x08003ff0   Section        0  sys_exit.o(.text)
    .text                                    0x08003ffc   Section        0  defsig_abrt_outer.o(.text)
    .text                                    0x0800400a   Section        2  use_no_semi.o(.text)
    .text                                    0x0800400c   Section       74  sys_stackheap_outer.o(.text)
    .text                                    0x0800400c   Section        0  indicate_semi.o(.text)
    .text                                    0x08004056   Section        0  exit.o(.text)
    .text                                    0x08004068   Section        0  defsig_exit.o(.text)
    .text                                    0x08004074   Section        0  defsig_abrt_inner.o(.text)
    .text                                    0x080040a4   Section        8  libspace.o(.text)
    .text                                    0x080040ac   Section        0  defsig_general.o(.text)
    x$fpl$dfixu                              0x080040e0   Section       90  dfixu.o(x$fpl$dfixu)
    x$fpl$dmul                               0x0800413c   Section      340  dmul.o(x$fpl$dmul)
    x$fpl$dnaninf                            0x08004290   Section      156  dnaninf.o(x$fpl$dnaninf)
    x$fpl$dretinf                            0x0800432c   Section       12  dretinf.o(x$fpl$dretinf)
    x$fpl$f2d                                0x08004338   Section       86  f2d.o(x$fpl$f2d)
    x$fpl$fdiv                               0x08004390   Section      388  fdiv.o(x$fpl$fdiv)
    _fdiv1                                   0x08004391   Thumb Code     0  fdiv.o(x$fpl$fdiv)
    x$fpl$ffltu                              0x08004514   Section       38  fflt_clz.o(x$fpl$ffltu)
    x$fpl$fnaninf                            0x0800453a   Section      140  fnaninf.o(x$fpl$fnaninf)
    x$fpl$fretinf                            0x080045c6   Section       10  fretinf.o(x$fpl$fretinf)
    .constdata                               0x080045d0   Section      512  mbcrc.o(.constdata)
    x$fpl$usenofp                            0x080045d0   Section        0  usenofp.o(x$fpl$usenofp)
    aucCRCHi                                 0x080045d0   Data         256  mbcrc.o(.constdata)
    aucCRCLo                                 0x080046d0   Data         256  mbcrc.o(.constdata)
    .conststring                             0x080047d0   Section       99  mbrtu.o(.conststring)
    .data                                    0x20000000   Section       12  main.o(.data)
    .data                                    0x2000000c   Section       20  system_stm32f10x.o(.data)
    .data                                    0x20000020   Section        8  spiad.o(.data)
    .data                                    0x20000028   Section        4  delay.o(.data)
    fac_us                                   0x20000028   Data           1  delay.o(.data)
    fac_ms                                   0x2000002a   Data           2  delay.o(.data)
    .data                                    0x2000002c   Section       20  stm32f10x_rcc.o(.data)
    APBAHBPrescTable                         0x2000002c   Data          16  stm32f10x_rcc.o(.data)
    ADCPrescTable                            0x2000003c   Data           4  stm32f10x_rcc.o(.data)
    .data                                    0x20000040   Section        2  mbfuncother.o(.data)
    usMBSlaveIDLen                           0x20000040   Data           2  mbfuncother.o(.data)
    .data                                    0x20000044   Section       12  mbrtu.o(.data)
    eSndState                                0x20000044   Data           1  mbrtu.o(.data)
    eRcvState                                0x20000045   Data           1  mbrtu.o(.data)
    pucSndBufferCur                          0x20000048   Data           4  mbrtu.o(.data)
    usSndBufferCount                         0x2000004c   Data           2  mbrtu.o(.data)
    usRcvBufferPos                           0x2000004e   Data           2  mbrtu.o(.data)
    .data                                    0x20000050   Section      181  mb.o(.data)
    ucMBAddress                              0x20000050   Data           1  mb.o(.data)
    eMBCurrentMode                           0x20000051   Data           1  mb.o(.data)
    eMBState                                 0x20000052   Data           1  mb.o(.data)
    peMBFrameSendCur                         0x20000054   Data           4  mb.o(.data)
    pvMBFrameStartCur                        0x20000058   Data           4  mb.o(.data)
    pvMBFrameStopCur                         0x2000005c   Data           4  mb.o(.data)
    peMBFrameReceiveCur                      0x20000060   Data           4  mb.o(.data)
    pvMBFrameCloseCur                        0x20000064   Data           4  mb.o(.data)
    xFuncHandlers                            0x2000007c   Data         128  mb.o(.data)
    ucMBFrame                                0x200000fc   Data           4  mb.o(.data)
    ucRcvAddress                             0x20000100   Data           1  mb.o(.data)
    ucFunctionCode                           0x20000101   Data           1  mb.o(.data)
    usLength                                 0x20000102   Data           2  mb.o(.data)
    eException                               0x20000104   Data           1  mb.o(.data)
    .data                                    0x20000105   Section        2  portevent.o(.data)
    eQueuedEvent                             0x20000105   Data           1  portevent.o(.data)
    xEventInQueue                            0x20000106   Data           1  portevent.o(.data)
    .bss                                     0x20000108   Section       96  main.o(.bss)
    .bss                                     0x20000168   Section       32  mbfuncother.o(.bss)
    ucMBSlaveID                              0x20000168   Data          32  mbfuncother.o(.bss)
    .bss                                     0x20000188   Section      256  mbrtu.o(.bss)
    .bss                                     0x20000288   Section       96  libspace.o(.bss)
    HEAP                                     0x200002e8   Section      512  startup_stm32f10x_hd.o(HEAP)
    Heap_Mem                                 0x200002e8   Data         512  startup_stm32f10x_hd.o(HEAP)
    STACK                                    0x200004e8   Section     1024  startup_stm32f10x_hd.o(STACK)
    Stack_Mem                                0x200004e8   Data        1024  startup_stm32f10x_hd.o(STACK)
    __initial_sp                             0x200008e8   Data           0  startup_stm32f10x_hd.o(STACK)

    Global Symbols

    Symbol Name                              Value     Ov Type        Size  Object(Section)

    BuildAttributes$$THM_ISAv4$P$D$K$B$S$PE$A:L22UL41UL21$X:L11$S22US41US21$IEEE1$IW$USESV6$~STKCKD$USESV7$~SHL$OSPACE$ROPI$EBA8$UX$STANDARDLIB$REQ8$PRES8$EABIv2 0x00000000   Number         0  anon$$obj.o ABSOLUTE
    __ARM_use_no_argv                        0x00000000   Number         0  main.o ABSOLUTE
    __ARM_exceptions_init                     - Undefined Weak Reference
    __alloca_initialize                       - Undefined Weak Reference
    __arm_preinit_                            - Undefined Weak Reference
    __cpp_initialize__aeabi_                  - Undefined Weak Reference
    __cxa_finalize                            - Undefined Weak Reference
    __rt_locale                               - Undefined Weak Reference
    __sigvec_lookup                           - Undefined Weak Reference
    _atexit_init                              - Undefined Weak Reference
    _call_atexit_fns                          - Undefined Weak Reference
    _clock_init                               - Undefined Weak Reference
    _fp_trap_init                             - Undefined Weak Reference
    _fp_trap_shutdown                         - Undefined Weak Reference
    _get_lc_collate                           - Undefined Weak Reference
    _get_lc_ctype                             - Undefined Weak Reference
    _get_lc_monetary                          - Undefined Weak Reference
    _get_lc_numeric                           - Undefined Weak Reference
    _get_lc_time                              - Undefined Weak Reference
    _getenv_init                              - Undefined Weak Reference
    _handle_redirection                       - Undefined Weak Reference
    _init_alloc                               - Undefined Weak Reference
    _init_user_alloc                          - Undefined Weak Reference
    _initio                                   - Undefined Weak Reference
    _rand_init                                - Undefined Weak Reference
    _signal_finish                            - Undefined Weak Reference
    _signal_init                              - Undefined Weak Reference
    _terminate_alloc                          - Undefined Weak Reference
    _terminate_user_alloc                     - Undefined Weak Reference
    _terminateio                              - Undefined Weak Reference
    __Vectors_Size                           0x00000130   Number         0  startup_stm32f10x_hd.o ABSOLUTE
    __Vectors                                0x08000000   Data           4  startup_stm32f10x_hd.o(RESET)
    __Vectors_End                            0x08000130   Data           0  startup_stm32f10x_hd.o(RESET)
    __main                                   0x08000131   Thumb Code     8  __main.o(!!!main)
    __scatterload                            0x08000139   Thumb Code     0  __scatter.o(!!!scatter)
    __scatterload_rt2                        0x08000139   Thumb Code    44  __scatter.o(!!!scatter)
    __scatterload_rt2_thumb_only             0x08000139   Thumb Code     0  __scatter.o(!!!scatter)
    __scatterload_null                       0x08000147   Thumb Code     0  __scatter.o(!!!scatter)
    __scatterload_copy                       0x0800016d   Thumb Code    26  __scatter_copy.o(!!handler_copy)
    __scatterload_zeroinit                   0x08000189   Thumb Code    28  __scatter_zi.o(!!handler_zi)
    __rt_lib_init                            0x080001a5   Thumb Code     0  libinit.o(.ARM.Collect$$libinit$$00000000)
    __rt_lib_init_alloca_1                   0x080001a7   Thumb Code     0  libinit2.o(.ARM.Collect$$libinit$$0000002E)
    __rt_lib_init_argv_1                     0x080001a7   Thumb Code     0  libinit2.o(.ARM.Collect$$libinit$$0000002C)
    __rt_lib_init_atexit_1                   0x080001a7   Thumb Code     0  libinit2.o(.ARM.Collect$$libinit$$0000001B)
    __rt_lib_init_clock_1                    0x080001a7   Thumb Code     0  libinit2.o(.ARM.Collect$$libinit$$00000021)
    __rt_lib_init_cpp_1                      0x080001a7   Thumb Code     0  libinit2.o(.ARM.Collect$$libinit$$00000032)
    __rt_lib_init_exceptions_1               0x080001a7   Thumb Code     0  libinit2.o(.ARM.Collect$$libinit$$00000030)
    __rt_lib_init_fp_1                       0x080001a7   Thumb Code     0  libinit2.o(.ARM.Collect$$libinit$$00000002)
    __rt_lib_init_fp_trap_1                  0x080001a7   Thumb Code     0  libinit2.o(.ARM.Collect$$libinit$$0000001F)
    __rt_lib_init_getenv_1                   0x080001a7   Thumb Code     0  libinit2.o(.ARM.Collect$$libinit$$00000023)
    __rt_lib_init_heap_1                     0x080001a7   Thumb Code     0  libinit2.o(.ARM.Collect$$libinit$$0000000A)
    __rt_lib_init_lc_collate_1               0x080001a7   Thumb Code     0  libinit2.o(.ARM.Collect$$libinit$$00000011)
    __rt_lib_init_lc_ctype_1                 0x080001a7   Thumb Code     0  libinit2.o(.ARM.Collect$$libinit$$00000013)
    __rt_lib_init_lc_monetary_1              0x080001a7   Thumb Code     0  libinit2.o(.ARM.Collect$$libinit$$00000015)
    __rt_lib_init_lc_numeric_1               0x080001a7   Thumb Code     0  libinit2.o(.ARM.Collect$$libinit$$00000017)
    __rt_lib_init_lc_time_1                  0x080001a7   Thumb Code     0  libinit2.o(.ARM.Collect$$libinit$$00000019)
    __rt_lib_init_preinit_1                  0x080001a7   Thumb Code     0  libinit2.o(.ARM.Collect$$libinit$$00000004)
    __rt_lib_init_rand_1                     0x080001a7   Thumb Code     0  libinit2.o(.ARM.Collect$$libinit$$0000000E)
    __rt_lib_init_return                     0x080001a7   Thumb Code     0  libinit2.o(.ARM.Collect$$libinit$$00000033)
    __rt_lib_init_signal_1                   0x080001a7   Thumb Code     0  libinit2.o(.ARM.Collect$$libinit$$0000001D)
    __rt_lib_init_stdio_1                    0x080001a7   Thumb Code     0  libinit2.o(.ARM.Collect$$libinit$$00000025)
    __rt_lib_init_user_alloc_1               0x080001a7   Thumb Code     0  libinit2.o(.ARM.Collect$$libinit$$0000000C)
    __rt_lib_shutdown                        0x080001a9   Thumb Code     0  libshutdown.o(.ARM.Collect$$libshutdown$$00000000)
    __rt_lib_shutdown_cpp_1                  0x080001ab   Thumb Code     0  libshutdown2.o(.ARM.Collect$$libshutdown$$00000002)
    __rt_lib_shutdown_fp_trap_1              0x080001ab   Thumb Code     0  libshutdown2.o(.ARM.Collect$$libshutdown$$00000007)
    __rt_lib_shutdown_heap_1                 0x080001ab   Thumb Code     0  libshutdown2.o(.ARM.Collect$$libshutdown$$0000000F)
    __rt_lib_shutdown_return                 0x080001ab   Thumb Code     0  libshutdown2.o(.ARM.Collect$$libshutdown$$00000010)
    __rt_lib_shutdown_signal_1               0x080001ab   Thumb Code     0  libshutdown2.o(.ARM.Collect$$libshutdown$$0000000A)
    __rt_lib_shutdown_stdio_1                0x080001ab   Thumb Code     0  libshutdown2.o(.ARM.Collect$$libshutdown$$00000004)
    __rt_lib_shutdown_user_alloc_1           0x080001ab   Thumb Code     0  libshutdown2.o(.ARM.Collect$$libshutdown$$0000000C)
    __rt_entry                               0x080001ad   Thumb Code     0  __rtentry.o(.ARM.Collect$$rtentry$$00000000)
    __rt_entry_presh_1                       0x080001ad   Thumb Code     0  __rtentry2.o(.ARM.Collect$$rtentry$$00000002)
    __rt_entry_sh                            0x080001ad   Thumb Code     0  __rtentry4.o(.ARM.Collect$$rtentry$$00000004)
    __rt_entry_li                            0x080001b3   Thumb Code     0  __rtentry2.o(.ARM.Collect$$rtentry$$0000000A)
    __rt_entry_postsh_1                      0x080001b3   Thumb Code     0  __rtentry2.o(.ARM.Collect$$rtentry$$00000009)
    __rt_entry_main                          0x080001b7   Thumb Code     0  __rtentry2.o(.ARM.Collect$$rtentry$$0000000D)
    __rt_entry_postli_1                      0x080001b7   Thumb Code     0  __rtentry2.o(.ARM.Collect$$rtentry$$0000000C)
    __rt_exit                                0x080001bf   Thumb Code     0  rtexit.o(.ARM.Collect$$rtexit$$00000000)
    __rt_exit_ls                             0x080001c1   Thumb Code     0  rtexit2.o(.ARM.Collect$$rtexit$$00000003)
    __rt_exit_prels_1                        0x080001c1   Thumb Code     0  rtexit2.o(.ARM.Collect$$rtexit$$00000002)
    __rt_exit_exit                           0x080001c5   Thumb Code     0  rtexit2.o(.ARM.Collect$$rtexit$$00000004)
    delayms                                  0x080001cd   Thumb Code    24  main.o(.text)
    MAX538_Poll2                             0x080001e5   Thumb Code    22  main.o(.text)
    MAX538_Poll1                             0x080001fb   Thumb Code    22  main.o(.text)
    JDQ_Poll                                 0x08000211   Thumb Code   110  main.o(.text)
    Button_Poll                              0x0800027f   Thumb Code   138  main.o(.text)
    main                                     0x08000309   Thumb Code   248  main.o(.text)
    eMBRegInputCB                            0x08000401   Thumb Code    68  main.o(.text)
    AD7810_Poll2                             0x08000445   Thumb Code    54  main.o(.text)
    AD7810_Poll1                             0x0800047b   Thumb Code    54  main.o(.text)
    Optical_Poll                             0x080004b1   Thumb Code    92  main.o(.text)
    eMBRegHoldingCB                          0x0800050d   Thumb Code   280  main.o(.text)
    eMBRegCoilsCB                            0x08000625   Thumb Code   146  main.o(.text)
    eMBRegDiscreteCB                         0x080006b7   Thumb Code    90  main.o(.text)
    NMI_Handler                              0x08000719   Thumb Code     2  stm32f10x_it.o(.text)
    HardFault_Handler                        0x0800071b   Thumb Code     4  stm32f10x_it.o(.text)
    MemManage_Handler                        0x0800071f   Thumb Code     4  stm32f10x_it.o(.text)
    BusFault_Handler                         0x08000723   Thumb Code     4  stm32f10x_it.o(.text)
    UsageFault_Handler                       0x08000727   Thumb Code     4  stm32f10x_it.o(.text)
    SVC_Handler                              0x0800072b   Thumb Code     2  stm32f10x_it.o(.text)
    DebugMon_Handler                         0x0800072d   Thumb Code     2  stm32f10x_it.o(.text)
    PendSV_Handler                           0x0800072f   Thumb Code     2  stm32f10x_it.o(.text)
    SysTick_Handler                          0x08000731   Thumb Code     2  stm32f10x_it.o(.text)
    SystemInit                               0x08000813   Thumb Code    78  system_stm32f10x.o(.text)
    SystemCoreClockUpdate                    0x08000861   Thumb Code   142  system_stm32f10x.o(.text)
    JDQ_Init                                 0x08000915   Thumb Code   194  jdq.o(.text)
    Button_Config                            0x080009d7   Thumb Code    66  jdq.o(.text)
    Optical_Init                             0x08000a19   Thumb Code   152  jdq.o(.text)
    MAX538_Init                              0x08000ac1   Thumb Code   102  spi538.o(.text)
    MAX538_WriteValue                        0x08000b27   Thumb Code   304  spi538.o(.text)
    AD7810_Init                              0x08000c6d   Thumb Code   298  spiad.o(.text)
    AD7810_ReadValue1                        0x08000d97   Thumb Code   198  spiad.o(.text)
    AD7810_ReadValue2                        0x08000e5d   Thumb Code   204  spiad.o(.text)
    filter                                   0x08000f29   Thumb Code    46  spiad.o(.text)
    Wave_filtering                           0x08000f57   Thumb Code    46  spiad.o(.text)
    IIC_Init                                 0x08000f9d   Thumb Code    80  iic.o(.text)
    IIC_Start                                0x08000fed   Thumb Code    66  iic.o(.text)
    IIC_Stop                                 0x0800102f   Thumb Code    62  iic.o(.text)
    IIC_Wait_Ack                             0x0800106d   Thumb Code    86  iic.o(.text)
    IIC_Ack                                  0x080010c3   Thumb Code    66  iic.o(.text)
    IIC_NAck                                 0x08001105   Thumb Code    66  iic.o(.text)
    IIC_Send_Byte                            0x08001147   Thumb Code   104  iic.o(.text)
    IIC_Read_Byte                            0x080011af   Thumb Code   102  iic.o(.text)
    FM24CL64_ReadOneByte                     0x08001215   Thumb Code    88  iic.o(.text)
    FM24CL64_WriteOneByte                    0x0800126d   Thumb Code    76  iic.o(.text)
    FM24CL64_WriteLenByte                    0x080012b9   Thumb Code    42  iic.o(.text)
    FM24CL64_ReadLenByte                     0x080012e3   Thumb Code    44  iic.o(.text)
    FM24CL64_Read                            0x0800130f   Thumb Code    32  iic.o(.text)
    FM24CL64_Write                           0x0800132f   Thumb Code    36  iic.o(.text)
    FM24CL64_Check                           0x08001353   Thumb Code    46  iic.o(.text)
    delay_init                               0x0800138d   Thumb Code    56  delay.o(.text)
    delay_ms                                 0x080013c5   Thumb Code    56  delay.o(.text)
    delay_us                                 0x080013fd   Thumb Code    56  delay.o(.text)
    Reset_Handler                            0x0800143d   Thumb Code     8  startup_stm32f10x_hd.o(.text)
    ADC1_2_IRQHandler                        0x08001457   Thumb Code     0  startup_stm32f10x_hd.o(.text)
    ADC3_IRQHandler                          0x08001457   Thumb Code     0  startup_stm32f10x_hd.o(.text)
    CAN1_RX1_IRQHandler                      0x08001457   Thumb Code     0  startup_stm32f10x_hd.o(.text)
    CAN1_SCE_IRQHandler                      0x08001457   Thumb Code     0  startup_stm32f10x_hd.o(.text)
    DMA1_Channel1_IRQHandler                 0x08001457   Thumb Code     0  startup_stm32f10x_hd.o(.text)
    DMA1_Channel2_IRQHandler                 0x08001457   Thumb Code     0  startup_stm32f10x_hd.o(.text)
    DMA1_Channel3_IRQHandler                 0x08001457   Thumb Code     0  startup_stm32f10x_hd.o(.text)
    DMA1_Channel4_IRQHandler                 0x08001457   Thumb Code     0  startup_stm32f10x_hd.o(.text)
    DMA1_Channel5_IRQHandler                 0x08001457   Thumb Code     0  startup_stm32f10x_hd.o(.text)
    DMA1_Channel6_IRQHandler                 0x08001457   Thumb Code     0  startup_stm32f10x_hd.o(.text)
    DMA1_Channel7_IRQHandler                 0x08001457   Thumb Code     0  startup_stm32f10x_hd.o(.text)
    DMA2_Channel1_IRQHandler                 0x08001457   Thumb Code     0  startup_stm32f10x_hd.o(.text)
    DMA2_Channel2_IRQHandler                 0x08001457   Thumb Code     0  startup_stm32f10x_hd.o(.text)
    DMA2_Channel3_IRQHandler                 0x08001457   Thumb Code     0  startup_stm32f10x_hd.o(.text)
    DMA2_Channel4_5_IRQHandler               0x08001457   Thumb Code     0  startup_stm32f10x_hd.o(.text)
    EXTI0_IRQHandler                         0x08001457   Thumb Code     0  startup_stm32f10x_hd.o(.text)
    EXTI15_10_IRQHandler                     0x08001457   Thumb Code     0  startup_stm32f10x_hd.o(.text)
    EXTI1_IRQHandler                         0x08001457   Thumb Code     0  startup_stm32f10x_hd.o(.text)
    EXTI2_IRQHandler                         0x08001457   Thumb Code     0  startup_stm32f10x_hd.o(.text)
    EXTI3_IRQHandler                         0x08001457   Thumb Code     0  startup_stm32f10x_hd.o(.text)
    EXTI4_IRQHandler                         0x08001457   Thumb Code     0  startup_stm32f10x_hd.o(.text)
    EXTI9_5_IRQHandler                       0x08001457   Thumb Code     0  startup_stm32f10x_hd.o(.text)
    FLASH_IRQHandler                         0x08001457   Thumb Code     0  startup_stm32f10x_hd.o(.text)
    FSMC_IRQHandler                          0x08001457   Thumb Code     0  startup_stm32f10x_hd.o(.text)
    I2C1_ER_IRQHandler                       0x08001457   Thumb Code     0  startup_stm32f10x_hd.o(.text)
    I2C1_EV_IRQHandler                       0x08001457   Thumb Code     0  startup_stm32f10x_hd.o(.text)
    I2C2_ER_IRQHandler                       0x08001457   Thumb Code     0  startup_stm32f10x_hd.o(.text)
    I2C2_EV_IRQHandler                       0x08001457   Thumb Code     0  startup_stm32f10x_hd.o(.text)
    PVD_IRQHandler                           0x08001457   Thumb Code     0  startup_stm32f10x_hd.o(.text)
    RCC_IRQHandler                           0x08001457   Thumb Code     0  startup_stm32f10x_hd.o(.text)
    RTCAlarm_IRQHandler                      0x08001457   Thumb Code     0  startup_stm32f10x_hd.o(.text)
    RTC_IRQHandler                           0x08001457   Thumb Code     0  startup_stm32f10x_hd.o(.text)
    SDIO_IRQHandler                          0x08001457   Thumb Code     0  startup_stm32f10x_hd.o(.text)
    SPI1_IRQHandler                          0x08001457   Thumb Code     0  startup_stm32f10x_hd.o(.text)
    SPI2_IRQHandler                          0x08001457   Thumb Code     0  startup_stm32f10x_hd.o(.text)
    SPI3_IRQHandler                          0x08001457   Thumb Code     0  startup_stm32f10x_hd.o(.text)
    TAMPER_IRQHandler                        0x08001457   Thumb Code     0  startup_stm32f10x_hd.o(.text)
    TIM1_BRK_IRQHandler                      0x08001457   Thumb Code     0  startup_stm32f10x_hd.o(.text)
    TIM1_CC_IRQHandler                       0x08001457   Thumb Code     0  startup_stm32f10x_hd.o(.text)
    TIM1_TRG_COM_IRQHandler                  0x08001457   Thumb Code     0  startup_stm32f10x_hd.o(.text)
    TIM1_UP_IRQHandler                       0x08001457   Thumb Code     0  startup_stm32f10x_hd.o(.text)
    TIM2_IRQHandler                          0x08001457   Thumb Code     0  startup_stm32f10x_hd.o(.text)
    TIM3_IRQHandler                          0x08001457   Thumb Code     0  startup_stm32f10x_hd.o(.text)
    TIM5_IRQHandler                          0x08001457   Thumb Code     0  startup_stm32f10x_hd.o(.text)
    TIM6_IRQHandler                          0x08001457   Thumb Code     0  startup_stm32f10x_hd.o(.text)
    TIM7_IRQHandler                          0x08001457   Thumb Code     0  startup_stm32f10x_hd.o(.text)
    TIM8_BRK_IRQHandler                      0x08001457   Thumb Code     0  startup_stm32f10x_hd.o(.text)
    TIM8_CC_IRQHandler                       0x08001457   Thumb Code     0  startup_stm32f10x_hd.o(.text)
    TIM8_TRG_COM_IRQHandler                  0x08001457   Thumb Code     0  startup_stm32f10x_hd.o(.text)
    TIM8_UP_IRQHandler                       0x08001457   Thumb Code     0  startup_stm32f10x_hd.o(.text)
    UART4_IRQHandler                         0x08001457   Thumb Code     0  startup_stm32f10x_hd.o(.text)
    UART5_IRQHandler                         0x08001457   Thumb Code     0  startup_stm32f10x_hd.o(.text)
    USART2_IRQHandler                        0x08001457   Thumb Code     0  startup_stm32f10x_hd.o(.text)
    USART3_IRQHandler                        0x08001457   Thumb Code     0  startup_stm32f10x_hd.o(.text)
    USBWakeUp_IRQHandler                     0x08001457   Thumb Code     0  startup_stm32f10x_hd.o(.text)
    USB_HP_CAN1_TX_IRQHandler                0x08001457   Thumb Code     0  startup_stm32f10x_hd.o(.text)
    USB_LP_CAN1_RX0_IRQHandler               0x08001457   Thumb Code     0  startup_stm32f10x_hd.o(.text)
    WWDG_IRQHandler                          0x08001457   Thumb Code     0  startup_stm32f10x_hd.o(.text)
    __user_initial_stackheap                 0x08001459   Thumb Code     0  startup_stm32f10x_hd.o(.text)
    GPIO_DeInit                              0x0800147d   Thumb Code   172  stm32f10x_gpio.o(.text)
    GPIO_AFIODeInit                          0x08001529   Thumb Code    20  stm32f10x_gpio.o(.text)
    GPIO_Init                                0x0800153d   Thumb Code   278  stm32f10x_gpio.o(.text)
    GPIO_StructInit                          0x08001653   Thumb Code    16  stm32f10x_gpio.o(.text)
    GPIO_ReadInputDataBit                    0x08001663   Thumb Code    18  stm32f10x_gpio.o(.text)
    GPIO_ReadInputData                       0x08001675   Thumb Code     8  stm32f10x_gpio.o(.text)
    GPIO_ReadOutputDataBit                   0x0800167d   Thumb Code    18  stm32f10x_gpio.o(.text)
    GPIO_ReadOutputData                      0x0800168f   Thumb Code     8  stm32f10x_gpio.o(.text)
    GPIO_SetBits                             0x08001697   Thumb Code     4  stm32f10x_gpio.o(.text)
    GPIO_ResetBits                           0x0800169b   Thumb Code     4  stm32f10x_gpio.o(.text)
    GPIO_WriteBit                            0x0800169f   Thumb Code    10  stm32f10x_gpio.o(.text)
    GPIO_Write                               0x080016a9   Thumb Code     4  stm32f10x_gpio.o(.text)
    GPIO_PinLockConfig                       0x080016ad   Thumb Code    18  stm32f10x_gpio.o(.text)
    GPIO_EventOutputConfig                   0x080016bf   Thumb Code    26  stm32f10x_gpio.o(.text)
    GPIO_EventOutputCmd                      0x080016d9   Thumb Code     6  stm32f10x_gpio.o(.text)
    GPIO_PinRemapConfig                      0x080016df   Thumb Code   138  stm32f10x_gpio.o(.text)
    GPIO_EXTILineConfig                      0x08001769   Thumb Code    66  stm32f10x_gpio.o(.text)
    GPIO_ETH_MediaInterfaceConfig            0x080017ab   Thumb Code     8  stm32f10x_gpio.o(.text)
    RCC_DeInit                               0x080017d9   Thumb Code    64  stm32f10x_rcc.o(.text)
    RCC_HSEConfig                            0x08001819   Thumb Code    70  stm32f10x_rcc.o(.text)
    RCC_GetFlagStatus                        0x0800185f   Thumb Code    56  stm32f10x_rcc.o(.text)
    RCC_WaitForHSEStartUp                    0x08001897   Thumb Code    56  stm32f10x_rcc.o(.text)
    RCC_AdjustHSICalibrationValue            0x080018cf   Thumb Code    20  stm32f10x_rcc.o(.text)
    RCC_HSICmd                               0x080018e3   Thumb Code     6  stm32f10x_rcc.o(.text)
    RCC_PLLConfig                            0x080018e9   Thumb Code    24  stm32f10x_rcc.o(.text)
    RCC_PLLCmd                               0x08001901   Thumb Code     6  stm32f10x_rcc.o(.text)
    RCC_SYSCLKConfig                         0x08001907   Thumb Code    18  stm32f10x_rcc.o(.text)
    RCC_GetSYSCLKSource                      0x08001919   Thumb Code    10  stm32f10x_rcc.o(.text)
    RCC_HCLKConfig                           0x08001923   Thumb Code    18  stm32f10x_rcc.o(.text)
    RCC_PCLK1Config                          0x08001935   Thumb Code    18  stm32f10x_rcc.o(.text)
    RCC_PCLK2Config                          0x08001947   Thumb Code    20  stm32f10x_rcc.o(.text)
    RCC_ITConfig                             0x0800195b   Thumb Code    26  stm32f10x_rcc.o(.text)
    RCC_USBCLKConfig                         0x08001975   Thumb Code     8  stm32f10x_rcc.o(.text)
    RCC_ADCCLKConfig                         0x0800197d   Thumb Code    18  stm32f10x_rcc.o(.text)
    RCC_LSEConfig                            0x0800198f   Thumb Code    50  stm32f10x_rcc.o(.text)
    RCC_LSICmd                               0x080019c1   Thumb Code     6  stm32f10x_rcc.o(.text)
    RCC_RTCCLKConfig                         0x080019c7   Thumb Code    12  stm32f10x_rcc.o(.text)
    RCC_RTCCLKCmd                            0x080019d3   Thumb Code     8  stm32f10x_rcc.o(.text)
    RCC_GetClocksFreq                        0x080019db   Thumb Code   192  stm32f10x_rcc.o(.text)
    RCC_AHBPeriphClockCmd                    0x08001a9b   Thumb Code    26  stm32f10x_rcc.o(.text)
    RCC_APB2PeriphClockCmd                   0x08001ab5   Thumb Code    26  stm32f10x_rcc.o(.text)
    RCC_APB1PeriphClockCmd                   0x08001acf   Thumb Code    26  stm32f10x_rcc.o(.text)
    RCC_APB2PeriphResetCmd                   0x08001ae9   Thumb Code    26  stm32f10x_rcc.o(.text)
    RCC_APB1PeriphResetCmd                   0x08001b03   Thumb Code    26  stm32f10x_rcc.o(.text)
    RCC_BackupResetCmd                       0x08001b1d   Thumb Code     8  stm32f10x_rcc.o(.text)
    RCC_ClockSecuritySystemCmd               0x08001b25   Thumb Code     6  stm32f10x_rcc.o(.text)
    RCC_MCOConfig                            0x08001b2b   Thumb Code     6  stm32f10x_rcc.o(.text)
    RCC_ClearFlag                            0x08001b31   Thumb Code    14  stm32f10x_rcc.o(.text)
    RCC_GetITStatus                          0x08001b3f   Thumb Code    20  stm32f10x_rcc.o(.text)
    RCC_ClearITPendingBit                    0x08001b53   Thumb Code     6  stm32f10x_rcc.o(.text)
    USART_DeInit                             0x08001b7d   Thumb Code   134  stm32f10x_usart.o(.text)
    USART_Init                               0x08001c03   Thumb Code   210  stm32f10x_usart.o(.text)
    USART_StructInit                         0x08001cd5   Thumb Code    24  stm32f10x_usart.o(.text)
    USART_ClockInit                          0x08001ced   Thumb Code    34  stm32f10x_usart.o(.text)
    USART_ClockStructInit                    0x08001d0f   Thumb Code    12  stm32f10x_usart.o(.text)
    USART_Cmd                                0x08001d1b   Thumb Code    24  stm32f10x_usart.o(.text)
    USART_ITConfig                           0x08001d33   Thumb Code    74  stm32f10x_usart.o(.text)
    USART_DMACmd                             0x08001d7d   Thumb Code    18  stm32f10x_usart.o(.text)
    USART_SetAddress                         0x08001d8f   Thumb Code    18  stm32f10x_usart.o(.text)
    USART_WakeUpConfig                       0x08001da1   Thumb Code    18  stm32f10x_usart.o(.text)
    USART_ReceiverWakeUpCmd                  0x08001db3   Thumb Code    24  stm32f10x_usart.o(.text)
    USART_LINBreakDetectLengthConfig         0x08001dcb   Thumb Code    18  stm32f10x_usart.o(.text)
    USART_LINCmd                             0x08001ddd   Thumb Code    24  stm32f10x_usart.o(.text)
    USART_SendData                           0x08001df5   Thumb Code     8  stm32f10x_usart.o(.text)
    USART_ReceiveData                        0x08001dfd   Thumb Code    10  stm32f10x_usart.o(.text)
    USART_SendBreak                          0x08001e07   Thumb Code    10  stm32f10x_usart.o(.text)
    USART_SetGuardTime                       0x08001e11   Thumb Code    16  stm32f10x_usart.o(.text)
    USART_SetPrescaler                       0x08001e21   Thumb Code    16  stm32f10x_usart.o(.text)
    USART_SmartCardCmd                       0x08001e31   Thumb Code    24  stm32f10x_usart.o(.text)
    USART_SmartCardNACKCmd                   0x08001e49   Thumb Code    24  stm32f10x_usart.o(.text)
    USART_HalfDuplexCmd                      0x08001e61   Thumb Code    24  stm32f10x_usart.o(.text)
    USART_OverSampling8Cmd                   0x08001e79   Thumb Code    22  stm32f10x_usart.o(.text)
    USART_OneBitMethodCmd                    0x08001e8f   Thumb Code    24  stm32f10x_usart.o(.text)
    USART_IrDAConfig                         0x08001ea7   Thumb Code    18  stm32f10x_usart.o(.text)
    USART_IrDACmd                            0x08001eb9   Thumb Code    24  stm32f10x_usart.o(.text)
    USART_GetFlagStatus                      0x08001ed1   Thumb Code    26  stm32f10x_usart.o(.text)
    USART_ClearFlag                          0x08001eeb   Thumb Code    18  stm32f10x_usart.o(.text)
    USART_GetITStatus                        0x08001efd   Thumb Code    84  stm32f10x_usart.o(.text)
    USART_ClearITPendingBit                  0x08001f51   Thumb Code    52  stm32f10x_usart.o(.text)
    NVIC_PriorityGroupConfig                 0x08001f85   Thumb Code    10  misc.o(.text)
    NVIC_Init                                0x08001f8f   Thumb Code   100  misc.o(.text)
    NVIC_SetVectorTable                      0x08001ff3   Thumb Code    14  misc.o(.text)
    NVIC_SystemLPConfig                      0x08002001   Thumb Code    34  misc.o(.text)
    SysTick_CLKSourceConfig                  0x08002023   Thumb Code    40  misc.o(.text)
    TIM_DeInit                               0x08002061   Thumb Code   424  stm32f10x_tim.o(.text)
    TIM_TimeBaseInit                         0x08002209   Thumb Code   122  stm32f10x_tim.o(.text)
    TIM_OC1Init                              0x08002283   Thumb Code   132  stm32f10x_tim.o(.text)
    TIM_OC2Init                              0x08002307   Thumb Code   154  stm32f10x_tim.o(.text)
    TIM_OC3Init                              0x080023a1   Thumb Code   150  stm32f10x_tim.o(.text)
    TIM_OC4Init                              0x08002437   Thumb Code   182  stm32f10x_tim.o(.text)
    TIM_SetIC4Prescaler                      0x080024ed   Thumb Code    26  stm32f10x_tim.o(.text)
    TIM_SetIC3Prescaler                      0x08002589   Thumb Code    18  stm32f10x_tim.o(.text)
    TIM_SetIC2Prescaler                      0x08002615   Thumb Code    26  stm32f10x_tim.o(.text)
    TIM_SetIC1Prescaler                      0x080026b1   Thumb Code    18  stm32f10x_tim.o(.text)
    TIM_ICInit                               0x0800272f   Thumb Code   150  stm32f10x_tim.o(.text)
    TIM_PWMIConfig                           0x080027c5   Thumb Code   124  stm32f10x_tim.o(.text)
    TIM_BDTRConfig                           0x08002841   Thumb Code    32  stm32f10x_tim.o(.text)
    TIM_TimeBaseStructInit                   0x08002861   Thumb Code    18  stm32f10x_tim.o(.text)
    TIM_OCStructInit                         0x08002873   Thumb Code    20  stm32f10x_tim.o(.text)
    TIM_ICStructInit                         0x08002887   Thumb Code    18  stm32f10x_tim.o(.text)
    TIM_BDTRStructInit                       0x08002899   Thumb Code    40  stm32f10x_tim.o(.text)
    TIM_Cmd                                  0x080028c1   Thumb Code    24  stm32f10x_tim.o(.text)
    TIM_CtrlPWMOutputs                       0x080028d9   Thumb Code    30  stm32f10x_tim.o(.text)
    TIM_ITConfig                             0x080028f7   Thumb Code    18  stm32f10x_tim.o(.text)
    TIM_GenerateEvent                        0x08002909   Thumb Code     4  stm32f10x_tim.o(.text)
    TIM_DMAConfig                            0x0800290d   Thumb Code    10  stm32f10x_tim.o(.text)
    TIM_DMACmd                               0x08002917   Thumb Code    18  stm32f10x_tim.o(.text)
    TIM_InternalClockConfig                  0x08002929   Thumb Code    12  stm32f10x_tim.o(.text)
    TIM_SelectInputTrigger                   0x08002935   Thumb Code    18  stm32f10x_tim.o(.text)
    TIM_ITRxExternalClockConfig              0x08002947   Thumb Code    24  stm32f10x_tim.o(.text)
    TIM_TIxExternalClockConfig               0x0800295f   Thumb Code    62  stm32f10x_tim.o(.text)
    TIM_ETRConfig                            0x0800299d   Thumb Code    28  stm32f10x_tim.o(.text)
    TIM_ETRClockMode1Config                  0x080029b9   Thumb Code    54  stm32f10x_tim.o(.text)
    TIM_ETRClockMode2Config                  0x080029ef   Thumb Code    32  stm32f10x_tim.o(.text)
    TIM_PrescalerConfig                      0x08002a0f   Thumb Code     6  stm32f10x_tim.o(.text)
    TIM_CounterModeConfig                    0x08002a15   Thumb Code    18  stm32f10x_tim.o(.text)
    TIM_EncoderInterfaceConfig               0x08002a27   Thumb Code    66  stm32f10x_tim.o(.text)
    TIM_ForcedOC1Config                      0x08002a69   Thumb Code    18  stm32f10x_tim.o(.text)
    TIM_ForcedOC2Config                      0x08002a7b   Thumb Code    26  stm32f10x_tim.o(.text)
    TIM_ForcedOC3Config                      0x08002a95   Thumb Code    18  stm32f10x_tim.o(.text)
    TIM_ForcedOC4Config                      0x08002aa7   Thumb Code    26  stm32f10x_tim.o(.text)
    TIM_ARRPreloadConfig                     0x08002ac1   Thumb Code    24  stm32f10x_tim.o(.text)
    TIM_SelectCOM                            0x08002ad9   Thumb Code    24  stm32f10x_tim.o(.text)
    TIM_SelectCCDMA                          0x08002af1   Thumb Code    24  stm32f10x_tim.o(.text)
    TIM_CCPreloadControl                     0x08002b09   Thumb Code    24  stm32f10x_tim.o(.text)
    TIM_OC1PreloadConfig                     0x08002b21   Thumb Code    18  stm32f10x_tim.o(.text)
    TIM_OC2PreloadConfig                     0x08002b33   Thumb Code    26  stm32f10x_tim.o(.text)
    TIM_OC3PreloadConfig                     0x08002b4d   Thumb Code    18  stm32f10x_tim.o(.text)
    TIM_OC4PreloadConfig                     0x08002b5f   Thumb Code    26  stm32f10x_tim.o(.text)
    TIM_OC1FastConfig                        0x08002b79   Thumb Code    18  stm32f10x_tim.o(.text)
    TIM_OC2FastConfig                        0x08002b8b   Thumb Code    26  stm32f10x_tim.o(.text)
    TIM_OC3FastConfig                        0x08002ba5   Thumb Code    18  stm32f10x_tim.o(.text)
    TIM_OC4FastConfig                        0x08002bb7   Thumb Code    26  stm32f10x_tim.o(.text)
    TIM_ClearOC1Ref                          0x08002bd1   Thumb Code    18  stm32f10x_tim.o(.text)
    TIM_ClearOC2Ref                          0x08002be3   Thumb Code    24  stm32f10x_tim.o(.text)
    TIM_ClearOC3Ref                          0x08002bfb   Thumb Code    18  stm32f10x_tim.o(.text)
    TIM_ClearOC4Ref                          0x08002c0d   Thumb Code    24  stm32f10x_tim.o(.text)
    TIM_OC1PolarityConfig                    0x08002c25   Thumb Code    18  stm32f10x_tim.o(.text)
    TIM_OC1NPolarityConfig                   0x08002c37   Thumb Code    18  stm32f10x_tim.o(.text)
    TIM_OC2PolarityConfig                    0x08002c49   Thumb Code    26  stm32f10x_tim.o(.text)
    TIM_OC2NPolarityConfig                   0x08002c63   Thumb Code    26  stm32f10x_tim.o(.text)
    TIM_OC3PolarityConfig                    0x08002c7d   Thumb Code    26  stm32f10x_tim.o(.text)
    TIM_OC3NPolarityConfig                   0x08002c97   Thumb Code    26  stm32f10x_tim.o(.text)
    TIM_OC4PolarityConfig                    0x08002cb1   Thumb Code    26  stm32f10x_tim.o(.text)
    TIM_CCxCmd                               0x08002ccb   Thumb Code    30  stm32f10x_tim.o(.text)
    TIM_CCxNCmd                              0x08002ce9   Thumb Code    30  stm32f10x_tim.o(.text)
    TIM_SelectOCxM                           0x08002d07   Thumb Code    82  stm32f10x_tim.o(.text)
    TIM_UpdateDisableConfig                  0x08002d59   Thumb Code    24  stm32f10x_tim.o(.text)
    TIM_UpdateRequestConfig                  0x08002d71   Thumb Code    24  stm32f10x_tim.o(.text)
    TIM_SelectHallSensor                     0x08002d89   Thumb Code    24  stm32f10x_tim.o(.text)
    TIM_SelectOnePulseMode                   0x08002da1   Thumb Code    18  stm32f10x_tim.o(.text)
    TIM_SelectOutputTrigger                  0x08002db3   Thumb Code    18  stm32f10x_tim.o(.text)
    TIM_SelectSlaveMode                      0x08002dc5   Thumb Code    18  stm32f10x_tim.o(.text)
    TIM_SelectMasterSlaveMode                0x08002dd7   Thumb Code    18  stm32f10x_tim.o(.text)
    TIM_SetCounter                           0x08002de9   Thumb Code     4  stm32f10x_tim.o(.text)
    TIM_SetAutoreload                        0x08002ded   Thumb Code     4  stm32f10x_tim.o(.text)
    TIM_SetCompare1                          0x08002df1   Thumb Code     4  stm32f10x_tim.o(.text)
    TIM_SetCompare2                          0x08002df5   Thumb Code     4  stm32f10x_tim.o(.text)
    TIM_SetCompare3                          0x08002df9   Thumb Code     4  stm32f10x_tim.o(.text)
    TIM_SetCompare4                          0x08002dfd   Thumb Code     6  stm32f10x_tim.o(.text)
    TIM_SetClockDivision                     0x08002e03   Thumb Code    18  stm32f10x_tim.o(.text)
    TIM_GetCapture1                          0x08002e15   Thumb Code     6  stm32f10x_tim.o(.text)
    TIM_GetCapture2                          0x08002e1b   Thumb Code     6  stm32f10x_tim.o(.text)
    TIM_GetCapture3                          0x08002e21   Thumb Code     6  stm32f10x_tim.o(.text)
    TIM_GetCapture4                          0x08002e27   Thumb Code     8  stm32f10x_tim.o(.text)
    TIM_GetCounter                           0x08002e2f   Thumb Code     6  stm32f10x_tim.o(.text)
    TIM_GetPrescaler                         0x08002e35   Thumb Code     6  stm32f10x_tim.o(.text)
    TIM_GetFlagStatus                        0x08002e3b   Thumb Code    18  stm32f10x_tim.o(.text)
    TIM_ClearFlag                            0x08002e4d   Thumb Code     6  stm32f10x_tim.o(.text)
    TIM_GetITStatus                          0x08002e53   Thumb Code    34  stm32f10x_tim.o(.text)
    TIM_ClearITPendingBit                    0x08002e75   Thumb Code     6  stm32f10x_tim.o(.text)
    eMBFuncReadCoils                         0x08002e7b   Thumb Code   166  mbfunccoils.o(.text)
    eMBFuncWriteCoil                         0x08002f21   Thumb Code   108  mbfunccoils.o(.text)
    eMBFuncWriteMultipleCoils                0x08002f8d   Thumb Code   142  mbfunccoils.o(.text)
    eMBFuncReadDiscreteInputs                0x0800301b   Thumb Code   164  mbfuncdisc.o(.text)
    eMBFuncWriteHoldingRegister              0x080030bf   Thumb Code    62  mbfuncholding.o(.text)
    eMBFuncWriteMultipleHoldingRegister      0x080030fd   Thumb Code   106  mbfuncholding.o(.text)
    eMBFuncReadHoldingRegister               0x08003167   Thumb Code   132  mbfuncholding.o(.text)
    eMBFuncReadWriteMultipleHoldingRegister  0x080031eb   Thumb Code   212  mbfuncholding.o(.text)
    eMBFuncReadInputRegister                 0x080032bf   Thumb Code   132  mbfuncinput.o(.text)
    eMBSetSlaveID                            0x08003345   Thumb Code   110  mbfuncother.o(.text)
    eMBFuncReportSlaveID                     0x080033b3   Thumb Code    30  mbfuncother.o(.text)
    xMBUtilSetBits                           0x080033d9   Thumb Code   104  mbutils.o(.text)
    xMBUtilGetBits                           0x08003441   Thumb Code    42  mbutils.o(.text)
    prveMBError2Exception                    0x0800346b   Thumb Code    34  mbutils.o(.text)
    usMBCRC16                                0x080034c1   Thumb Code    48  mbcrc.o(.text)
    eMBRTUInit                               0x080034f9   Thumb Code    76  mbrtu.o(.text)
    eMBRTUStart                              0x08003545   Thumb Code    22  mbrtu.o(.text)
    eMBRTUStop                               0x0800355b   Thumb Code    16  mbrtu.o(.text)
    eMBRTUReceive                            0x0800356b   Thumb Code    90  mbrtu.o(.text)
    eMBRTUSend                               0x080035c5   Thumb Code   146  mbrtu.o(.text)
    xMBRTUReceiveFSM                         0x08003657   Thumb Code   140  mbrtu.o(.text)
    xMBRTUTransmitFSM                        0x080036e3   Thumb Code   116  mbrtu.o(.text)
    xMBRTUTimerT35Expired                    0x08003757   Thumb Code    96  mbrtu.o(.text)
    eMBInit                                  0x08003855   Thumb Code   150  mb.o(.text)
    eMBRegisterCB                            0x080038eb   Thumb Code   124  mb.o(.text)
    eMBClose                                 0x08003967   Thumb Code    32  mb.o(.text)
    eMBEnable                                0x08003987   Thumb Code    32  mb.o(.text)
    eMBDisable                               0x080039a7   Thumb Code    42  mb.o(.text)
    eMBPoll                                  0x080039d1   Thumb Code   268  mb.o(.text)
    xMBPortEventInit                         0x08003b3d   Thumb Code    10  portevent.o(.text)
    xMBPortEventPost                         0x08003b47   Thumb Code    16  portevent.o(.text)
    xMBPortEventGet                          0x08003b57   Thumb Code    26  portevent.o(.text)
    vMBPortSerialEnable                      0x08003b79   Thumb Code   104  portserial.o(.text)
    xMBPortSerialInit                        0x08003be1   Thumb Code   198  portserial.o(.text)
    xMBPortSerialPutByte                     0x08003ca7   Thumb Code    30  portserial.o(.text)
    xMBPortSerialGetByte                     0x08003cc5   Thumb Code    26  portserial.o(.text)
    USART1_IRQHandler                        0x08003cf3   Thumb Code    60  portserial.o(.text)
    xMBPortTimersInit                        0x08003d41   Thumb Code   134  porttimer.o(.text)
    vMBPortTimersEnable                      0x08003dc7   Thumb Code    38  porttimer.o(.text)
    vMBPortTimersDisable                     0x08003ded   Thumb Code    38  porttimer.o(.text)
    TIM4_IRQHandler                          0x08003e1d   Thumb Code    26  porttimer.o(.text)
    __aeabi_assert                           0x08003e45   Thumb Code    86  assert.o(.text)
    __assert                                 0x08003e45   Thumb Code     0  assert.o(.text)
    __aeabi_memcpy                           0x08003ec5   Thumb Code     0  rt_memcpy_v6.o(.text)
    __rt_memcpy                              0x08003ec5   Thumb Code   138  rt_memcpy_v6.o(.text)
    _memcpy_lastbytes                        0x08003f2b   Thumb Code     0  rt_memcpy_v6.o(.text)
    __use_two_region_memory                  0x08003f4f   Thumb Code     2  heapauxi.o(.text)
    __rt_heap_escrow$2region                 0x08003f51   Thumb Code     2  heapauxi.o(.text)
    __rt_heap_expand$2region                 0x08003f53   Thumb Code     2  heapauxi.o(.text)
    abort                                    0x08003f55   Thumb Code    22  abort.o(.text)
    __assert_puts                            0x08003f6b   Thumb Code    20  assert_puts.o(.text)
    __aeabi_memcpy4                          0x08003f7f   Thumb Code     0  rt_memcpy_w.o(.text)
    __aeabi_memcpy8                          0x08003f7f   Thumb Code     0  rt_memcpy_w.o(.text)
    __rt_memcpy_w                            0x08003f7f   Thumb Code   100  rt_memcpy_w.o(.text)
    _memcpy_lastbytes_aligned                0x08003fc7   Thumb Code     0  rt_memcpy_w.o(.text)
    _ttywrch                                 0x08003fe3   Thumb Code    14  sys_wrch.o(.text)
    _sys_exit                                0x08003ff1   Thumb Code     8  sys_exit.o(.text)
    __rt_SIGABRT                             0x08003ffd   Thumb Code    14  defsig_abrt_outer.o(.text)
    __I$use$semihosting                      0x0800400b   Thumb Code     0  use_no_semi.o(.text)
    __use_no_semihosting_swi                 0x0800400b   Thumb Code     2  use_no_semi.o(.text)
    __semihosting_library_function           0x0800400d   Thumb Code     0  indicate_semi.o(.text)
    __user_setup_stackheap                   0x0800400d   Thumb Code    74  sys_stackheap_outer.o(.text)
    exit                                     0x08004057   Thumb Code    18  exit.o(.text)
    __sig_exit                               0x08004069   Thumb Code    10  defsig_exit.o(.text)
    __rt_SIGABRT_inner                       0x08004075   Thumb Code    14  defsig_abrt_inner.o(.text)
    __user_libspace                          0x080040a5   Thumb Code     8  libspace.o(.text)
    __user_perproc_libspace                  0x080040a5   Thumb Code     0  libspace.o(.text)
    __user_perthread_libspace                0x080040a5   Thumb Code     0  libspace.o(.text)
    __default_signal_display                 0x080040ad   Thumb Code    50  defsig_general.o(.text)
    __aeabi_d2uiz                            0x080040e1   Thumb Code     0  dfixu.o(x$fpl$dfixu)
    _dfixu                                   0x080040e1   Thumb Code    90  dfixu.o(x$fpl$dfixu)
    __aeabi_dmul                             0x0800413d   Thumb Code     0  dmul.o(x$fpl$dmul)
    _dmul                                    0x0800413d   Thumb Code   332  dmul.o(x$fpl$dmul)
    __fpl_dnaninf                            0x08004291   Thumb Code   156  dnaninf.o(x$fpl$dnaninf)
    __fpl_dretinf                            0x0800432d   Thumb Code    12  dretinf.o(x$fpl$dretinf)
    __aeabi_f2d                              0x08004339   Thumb Code     0  f2d.o(x$fpl$f2d)
    _f2d                                     0x08004339   Thumb Code    86  f2d.o(x$fpl$f2d)
    __aeabi_fdiv                             0x08004391   Thumb Code     0  fdiv.o(x$fpl$fdiv)
    _fdiv                                    0x08004391   Thumb Code   384  fdiv.o(x$fpl$fdiv)
    __aeabi_ui2f                             0x08004515   Thumb Code     0  fflt_clz.o(x$fpl$ffltu)
    _ffltu                                   0x08004515   Thumb Code    38  fflt_clz.o(x$fpl$ffltu)
    __fpl_fnaninf                            0x0800453b   Thumb Code   140  fnaninf.o(x$fpl$fnaninf)
    __fpl_fretinf                            0x080045c7   Thumb Code    10  fretinf.o(x$fpl$fretinf)
    __I$use$fp                               0x080045d0   Number         0  usenofp.o(x$fpl$usenofp)
    Region$$Table$$Base                      0x08004834   Number         0  anon$$obj.o(Region$$Table)
    Region$$Table$$Limit                     0x08004854   Number         0  anon$$obj.o(Region$$Table)
    usRegInputStart                          0x20000000   Data           2  main.o(.data)
    usRegHoldingStart                        0x20000002   Data           2  main.o(.data)
    ucRegCoilsBuf                            0x20000004   Data           2  main.o(.data)
    ucRegDiscreteBuf                         0x20000006   Data           2  main.o(.data)
    voltageDA1                               0x20000008   Data           2  main.o(.data)
    voltageDA2                               0x2000000a   Data           2  main.o(.data)
    SystemCoreClock                          0x2000000c   Data           4  system_stm32f10x.o(.data)
    AHBPrescTable                            0x20000010   Data          16  system_stm32f10x.o(.data)
    value1                                   0x20000020   Data           2  spiad.o(.data)
    value2                                   0x20000022   Data           2  spiad.o(.data)
    aftervalue                               0x20000024   Data           4  spiad.o(.data)
    pxMBFrameCBByteReceived                  0x20000068   Data           4  mb.o(.data)
    pxMBFrameCBTransmitterEmpty              0x2000006c   Data           4  mb.o(.data)
    pxMBPortCBTimerExpired                   0x20000070   Data           4  mb.o(.data)
    pxMBFrameCBReceiveFSMCur                 0x20000074   Data           4  mb.o(.data)
    pxMBFrameCBTransmitFSMCur                0x20000078   Data           4  mb.o(.data)
    usRegInputBuf                            0x20000108   Data          16  main.o(.bss)
    usRegHoldingBuf                          0x20000118   Data          32  main.o(.bss)
    datatemp                                 0x20000138   Data          24  main.o(.bss)
    readdata                                 0x20000150   Data          24  main.o(.bss)
    ucRTUBuf                                 0x20000188   Data         256  mbrtu.o(.bss)
    __libspace_start                         0x20000288   Data          96  libspace.o(.bss)
    __temporary_stack_top$libspace           0x200002e8   Data           0  libspace.o(.bss)



==============================================================================

Memory Map of the image

  Image Entry point : 0x08000131

  Load Region LR_IROM1 (Base: 0x08000000, Size: 0x0000495c, Max: 0x00040000, ABSOLUTE)

    Execution Region ER_IROM1 (Base: 0x08000000, Size: 0x00004854, Max: 0x00040000, ABSOLUTE)

    Base Addr    Size         Type   Attr      Idx    E Section Name        Object

    0x08000000   0x00000130   Data   RO          306    RESET               startup_stm32f10x_hd.o
    0x08000130   0x00000008   Code   RO          591  * !!!main             c_w.l(__main.o)
    0x08000138   0x00000034   Code   RO          785    !!!scatter          c_w.l(__scatter.o)
    0x0800016c   0x0000001a   Code   RO          787    !!handler_copy      c_w.l(__scatter_copy.o)
    0x08000186   0x00000002   PAD
    0x08000188   0x0000001c   Code   RO          789    !!handler_zi        c_w.l(__scatter_zi.o)
    0x080001a4   0x00000002   Code   RO          668    .ARM.Collect$$libinit$$00000000  c_w.l(libinit.o)
    0x080001a6   0x00000000   Code   RO          679    .ARM.Collect$$libinit$$00000002  c_w.l(libinit2.o)
    0x080001a6   0x00000000   Code   RO          681    .ARM.Collect$$libinit$$00000004  c_w.l(libinit2.o)
    0x080001a6   0x00000000   Code   RO          684    .ARM.Collect$$libinit$$0000000A  c_w.l(libinit2.o)
    0x080001a6   0x00000000   Code   RO          686    .ARM.Collect$$libinit$$0000000C  c_w.l(libinit2.o)
    0x080001a6   0x00000000   Code   RO          688    .ARM.Collect$$libinit$$0000000E  c_w.l(libinit2.o)
    0x080001a6   0x00000000   Code   RO          691    .ARM.Collect$$libinit$$00000011  c_w.l(libinit2.o)
    0x080001a6   0x00000000   Code   RO          693    .ARM.Collect$$libinit$$00000013  c_w.l(libinit2.o)
    0x080001a6   0x00000000   Code   RO          695    .ARM.Collect$$libinit$$00000015  c_w.l(libinit2.o)
    0x080001a6   0x00000000   Code   RO          697    .ARM.Collect$$libinit$$00000017  c_w.l(libinit2.o)
    0x080001a6   0x00000000   Code   RO          699    .ARM.Collect$$libinit$$00000019  c_w.l(libinit2.o)
    0x080001a6   0x00000000   Code   RO          701    .ARM.Collect$$libinit$$0000001B  c_w.l(libinit2.o)
    0x080001a6   0x00000000   Code   RO          703    .ARM.Collect$$libinit$$0000001D  c_w.l(libinit2.o)
    0x080001a6   0x00000000   Code   RO          705    .ARM.Collect$$libinit$$0000001F  c_w.l(libinit2.o)
    0x080001a6   0x00000000   Code   RO          707    .ARM.Collect$$libinit$$00000021  c_w.l(libinit2.o)
    0x080001a6   0x00000000   Code   RO          709    .ARM.Collect$$libinit$$00000023  c_w.l(libinit2.o)
    0x080001a6   0x00000000   Code   RO          711    .ARM.Collect$$libinit$$00000025  c_w.l(libinit2.o)
    0x080001a6   0x00000000   Code   RO          715    .ARM.Collect$$libinit$$0000002C  c_w.l(libinit2.o)
    0x080001a6   0x00000000   Code   RO          717    .ARM.Collect$$libinit$$0000002E  c_w.l(libinit2.o)
    0x080001a6   0x00000000   Code   RO          719    .ARM.Collect$$libinit$$00000030  c_w.l(libinit2.o)
    0x080001a6   0x00000000   Code   RO          721    .ARM.Collect$$libinit$$00000032  c_w.l(libinit2.o)
    0x080001a6   0x00000002   Code   RO          722    .ARM.Collect$$libinit$$00000033  c_w.l(libinit2.o)
    0x080001a8   0x00000002   Code   RO          758    .ARM.Collect$$libshutdown$$00000000  c_w.l(libshutdown.o)
    0x080001aa   0x00000000   Code   RO          768    .ARM.Collect$$libshutdown$$00000002  c_w.l(libshutdown2.o)
    0x080001aa   0x00000000   Code   RO          770    .ARM.Collect$$libshutdown$$00000004  c_w.l(libshutdown2.o)
    0x080001aa   0x00000000   Code   RO          773    .ARM.Collect$$libshutdown$$00000007  c_w.l(libshutdown2.o)
    0x080001aa   0x00000000   Code   RO          776    .ARM.Collect$$libshutdown$$0000000A  c_w.l(libshutdown2.o)
    0x080001aa   0x00000000   Code   RO          778    .ARM.Collect$$libshutdown$$0000000C  c_w.l(libshutdown2.o)
    0x080001aa   0x00000000   Code   RO          781    .ARM.Collect$$libshutdown$$0000000F  c_w.l(libshutdown2.o)
    0x080001aa   0x00000002   Code   RO          782    .ARM.Collect$$libshutdown$$00000010  c_w.l(libshutdown2.o)
    0x080001ac   0x00000000   Code   RO          611    .ARM.Collect$$rtentry$$00000000  c_w.l(__rtentry.o)
    0x080001ac   0x00000000   Code   RO          632    .ARM.Collect$$rtentry$$00000002  c_w.l(__rtentry2.o)
    0x080001ac   0x00000006   Code   RO          644    .ARM.Collect$$rtentry$$00000004  c_w.l(__rtentry4.o)
    0x080001b2   0x00000000   Code   RO          634    .ARM.Collect$$rtentry$$00000009  c_w.l(__rtentry2.o)
    0x080001b2   0x00000004   Code   RO          635    .ARM.Collect$$rtentry$$0000000A  c_w.l(__rtentry2.o)
    0x080001b6   0x00000000   Code   RO          637    .ARM.Collect$$rtentry$$0000000C  c_w.l(__rtentry2.o)
    0x080001b6   0x00000008   Code   RO          638    .ARM.Collect$$rtentry$$0000000D  c_w.l(__rtentry2.o)
    0x080001be   0x00000002   Code   RO          672    .ARM.Collect$$rtexit$$00000000  c_w.l(rtexit.o)
    0x080001c0   0x00000000   Code   RO          724    .ARM.Collect$$rtexit$$00000002  c_w.l(rtexit2.o)
    0x080001c0   0x00000004   Code   RO          725    .ARM.Collect$$rtexit$$00000003  c_w.l(rtexit2.o)
    0x080001c4   0x00000006   Code   RO          726    .ARM.Collect$$rtexit$$00000004  c_w.l(rtexit2.o)
    0x080001ca   0x00000002   PAD
    0x080001cc   0x0000054c   Code   RO            1    .text               main.o
    0x08000718   0x0000001a   Code   RO          150    .text               stm32f10x_it.o
    0x08000732   0x00000002   PAD
    0x08000734   0x000001e0   Code   RO          165    .text               system_stm32f10x.o
    0x08000914   0x000001ac   Code   RO          183    .text               jdq.o
    0x08000ac0   0x000001ac   Code   RO          221    .text               spi538.o
    0x08000c6c   0x00000330   Code   RO          233    .text               spiad.o
    0x08000f9c   0x000003f0   Code   RO          251    .text               iic.o
    0x0800138c   0x000000b0   Code   RO          280    .text               delay.o
    0x0800143c   0x00000040   Code   RO          307    .text               startup_stm32f10x_hd.o
    0x0800147c   0x0000035c   Code   RO          311    .text               stm32f10x_gpio.o
    0x080017d8   0x000003a4   Code   RO          323    .text               stm32f10x_rcc.o
    0x08001b7c   0x00000408   Code   RO          337    .text               stm32f10x_usart.o
    0x08001f84   0x000000dc   Code   RO          349    .text               misc.o
    0x08002060   0x00000e1a   Code   RO          361    .text               stm32f10x_tim.o
    0x08002e7a   0x000001a0   Code   RO          400    .text               mbfunccoils.o
    0x0800301a   0x000000a4   Code   RO          415    .text               mbfuncdisc.o
    0x080030be   0x00000200   Code   RO          427    .text               mbfuncholding.o
    0x080032be   0x00000084   Code   RO          439    .text               mbfuncinput.o
    0x08003342   0x00000002   PAD
    0x08003344   0x00000094   Code   RO          451    .text               mbfuncother.o
    0x080033d8   0x000000e8   Code   RO          466    .text               mbutils.o
    0x080034c0   0x00000038   Code   RO          478    .text               mbcrc.o
    0x080034f8   0x0000035c   Code   RO          492    .text               mbrtu.o
    0x08003854   0x000002e8   Code   RO          521    .text               mb.o
    0x08003b3c   0x0000003c   Code   RO          542    .text               portevent.o
    0x08003b78   0x000001c8   Code   RO          556    .text               portserial.o
    0x08003d40   0x00000104   Code   RO          571    .text               porttimer.o
    0x08003e44   0x00000080   Code   RO          585    .text               c_w.l(assert.o)
    0x08003ec4   0x0000008a   Code   RO          587    .text               c_w.l(rt_memcpy_v6.o)
    0x08003f4e   0x00000006   Code   RO          589    .text               c_w.l(heapauxi.o)
    0x08003f54   0x00000016   Code   RO          612    .text               c_w.l(abort.o)
    0x08003f6a   0x00000014   Code   RO          614    .text               c_w.l(assert_puts.o)
    0x08003f7e   0x00000064   Code   RO          616    .text               c_w.l(rt_memcpy_w.o)
    0x08003fe2   0x0000000e   Code   RO          627    .text               c_w.l(sys_wrch.o)
    0x08003ff0   0x0000000c   Code   RO          629    .text               c_w.l(sys_exit.o)
    0x08003ffc   0x0000000e   Code   RO          646    .text               c_w.l(defsig_abrt_outer.o)
    0x0800400a   0x00000002   Code   RO          650    .text               c_w.l(use_no_semi.o)
    0x0800400c   0x00000000   Code   RO          652    .text               c_w.l(indicate_semi.o)
    0x0800400c   0x0000004a   Code   RO          653    .text               c_w.l(sys_stackheap_outer.o)
    0x08004056   0x00000012   Code   RO          657    .text               c_w.l(exit.o)
    0x08004068   0x0000000a   Code   RO          659    .text               c_w.l(defsig_exit.o)
    0x08004072   0x00000002   PAD
    0x08004074   0x00000030   Code   RO          661    .text               c_w.l(defsig_abrt_inner.o)
    0x080040a4   0x00000008   Code   RO          669    .text               c_w.l(libspace.o)
    0x080040ac   0x00000032   Code   RO          676    .text               c_w.l(defsig_general.o)
    0x080040de   0x00000002   PAD
    0x080040e0   0x0000005a   Code   RO          593    x$fpl$dfixu         fz_ws.l(dfixu.o)
    0x0800413a   0x00000002   PAD
    0x0800413c   0x00000154   Code   RO          597    x$fpl$dmul          fz_ws.l(dmul.o)
    0x08004290   0x0000009c   Code   RO          618    x$fpl$dnaninf       fz_ws.l(dnaninf.o)
    0x0800432c   0x0000000c   Code   RO          620    x$fpl$dretinf       fz_ws.l(dretinf.o)
    0x08004338   0x00000056   Code   RO          599    x$fpl$f2d           fz_ws.l(f2d.o)
    0x0800438e   0x00000002   PAD
    0x08004390   0x00000184   Code   RO          602    x$fpl$fdiv          fz_ws.l(fdiv.o)
    0x08004514   0x00000026   Code   RO          605    x$fpl$ffltu         fz_ws.l(fflt_clz.o)
    0x0800453a   0x0000008c   Code   RO          622    x$fpl$fnaninf       fz_ws.l(fnaninf.o)
    0x080045c6   0x0000000a   Code   RO          624    x$fpl$fretinf       fz_ws.l(fretinf.o)
    0x080045d0   0x00000000   Code   RO          626    x$fpl$usenofp       fz_ws.l(usenofp.o)
    0x080045d0   0x00000200   Data   RO          479    .constdata          mbcrc.o
    0x080047d0   0x00000063   Data   RO          494    .conststring        mbrtu.o
    0x08004833   0x00000001   PAD
    0x08004834   0x00000020   Data   RO          783    Region$$Table       anon$$obj.o


    Execution Region RW_IRAM1 (Base: 0x20000000, Size: 0x000008e8, Max: 0x0000c000, ABSOLUTE)

    Base Addr    Size         Type   Attr      Idx    E Section Name        Object

    0x20000000   0x0000000c   Data   RW            3    .data               main.o
    0x2000000c   0x00000014   Data   RW          166    .data               system_stm32f10x.o
    0x20000020   0x00000008   Data   RW          234    .data               spiad.o
    0x20000028   0x00000004   Data   RW          281    .data               delay.o
    0x2000002c   0x00000014   Data   RW          324    .data               stm32f10x_rcc.o
    0x20000040   0x00000002   Data   RW          453    .data               mbfuncother.o
    0x20000042   0x00000002   PAD
    0x20000044   0x0000000c   Data   RW          495    .data               mbrtu.o
    0x20000050   0x000000b5   Data   RW          522    .data               mb.o
    0x20000105   0x00000002   Data   RW          543    .data               portevent.o
    0x20000107   0x00000001   PAD
    0x20000108   0x00000060   Zero   RW            2    .bss                main.o
    0x20000168   0x00000020   Zero   RW          452    .bss                mbfuncother.o
    0x20000188   0x00000100   Zero   RW          493    .bss                mbrtu.o
    0x20000288   0x00000060   Zero   RW          670    .bss                c_w.l(libspace.o)
    0x200002e8   0x00000200   Zero   RW          305    HEAP                startup_stm32f10x_hd.o
    0x200004e8   0x00000400   Zero   RW          304    STACK               startup_stm32f10x_hd.o


==============================================================================

Image component sizes


      Code (inc. data)   RO Data    RW Data    ZI Data      Debug   Object Name

       176          8          0          4          0        999   delay.o
      1008         12          0          0          0       4238   iic.o
       428         16          0          0          0     205686   jdq.o
      1356         72          0         12         96     259348   main.o
       744         96          0        181          0       4082   mb.o
         0          0          0          0          0        560   mbascii.o
        56          8        512          0          0       1140   mbcrc.o
       416          0          0          0          0       2974   mbfunccoils.o
       164          0          0          0          0       1540   mbfuncdisc.o
       512          0          0          0          0       3825   mbfuncholding.o
       132          0          0          0          0       1495   mbfuncinput.o
       148          8          0          2         32       1737   mbfuncother.o
       860        158         99         12        256       3697   mbrtu.o
       232         52          0          0          0       1914   mbutils.o
       220         22          0          0          0       1753   misc.o
        60          8          0          2          0       1440   portevent.o
       456         18          0          0          0       2356   portserial.o
       260         14          0          0          0       1233   porttimer.o
       428         22          0          0          0       1068   spi538.o
       816         24          0          8          0       2471   spiad.o
        64         26        304          0       1536        780   startup_stm32f10x_hd.o
       860         38          0          0          0       5689   stm32f10x_gpio.o
        26          0          0          0          0       1158   stm32f10x_it.o
       932         36          0         20          0       8848   stm32f10x_rcc.o
      3610         88          0          0          0      22796   stm32f10x_tim.o
      1032         22          0          0          0       8412   stm32f10x_usart.o
         0          0          0          0          0         32   sys.o
       480         38          0         20          0       1671   system_stm32f10x.o

    ----------------------------------------------------------------------
     15480        786        948        264       1920     552942   Object Totals
         0          0         32          0          0          0   (incl. Generated)
         4          0          1          3          0          0   (incl. Padding)

    ----------------------------------------------------------------------

      Code (inc. data)   RO Data    RW Data    ZI Data      Debug   Library Member Name

         8          0          0          0          0         68   __main.o
         0          0          0          0          0          0   __rtentry.o
        12          0          0          0          0          0   __rtentry2.o
         6          0          0          0          0          0   __rtentry4.o
        52          8          0          0          0          0   __scatter.o
        26          0          0          0          0          0   __scatter_copy.o
        28          0          0          0          0          0   __scatter_zi.o
        22          0          0          0          0         80   abort.o
       128         42          0          0          0         76   assert.o
        20          0          0          0          0         76   assert_puts.o
        48         34          0          0          0         76   defsig_abrt_inner.o
        14          0          0          0          0         80   defsig_abrt_outer.o
        10          0          0          0          0         68   defsig_exit.o
        50          0          0          0          0         88   defsig_general.o
        18          0          0          0          0         80   exit.o
         6          0          0          0          0        152   heapauxi.o
         0          0          0          0          0          0   indicate_semi.o
         2          0          0          0          0          0   libinit.o
         2          0          0          0          0          0   libinit2.o
         2          0          0          0          0          0   libshutdown.o
         2          0          0          0          0          0   libshutdown2.o
         8          4          0          0         96         68   libspace.o
       138          0          0          0          0         68   rt_memcpy_v6.o
       100          0          0          0          0         80   rt_memcpy_w.o
         2          0          0          0          0          0   rtexit.o
        10          0          0          0          0          0   rtexit2.o
        12          4          0          0          0         68   sys_exit.o
        74          0          0          0          0         80   sys_stackheap_outer.o
        14          0          0          0          0         76   sys_wrch.o
         2          0          0          0          0         68   use_no_semi.o
        90          4          0          0          0         92   dfixu.o
       340         12          0          0          0        104   dmul.o
       156          4          0          0          0         92   dnaninf.o
        12          0          0          0          0         68   dretinf.o
        86          4          0          0          0         84   f2d.o
       388         76          0          0          0         96   fdiv.o
        38          0          0          0          0         68   fflt_clz.o
       140          4          0          0          0         84   fnaninf.o
        10          0          0          0          0         68   fretinf.o
         0          0          0          0          0          0   usenofp.o

    ----------------------------------------------------------------------
      2088        196          0          0         96       2108   Library Totals
        12          0          0          0          0          0   (incl. Padding)

    ----------------------------------------------------------------------

      Code (inc. data)   RO Data    RW Data    ZI Data      Debug   Library Name

       816         92          0          0         96       1352   c_w.l
      1260        104          0          0          0        756   fz_ws.l

    ----------------------------------------------------------------------
      2088        196          0          0         96       2108   Library Totals

    ----------------------------------------------------------------------

==============================================================================


      Code (inc. data)   RO Data    RW Data    ZI Data      Debug   

     17568        982        948        264       2016     552186   Grand Totals
     17568        982        948        264       2016     552186   ELF Image Totals
     17568        982        948        264          0          0   ROM Totals

==============================================================================

    Total RO  Size (Code + RO Data)                18516 (  18.08kB)
    Total RW  Size (RW Data + ZI Data)              2280 (   2.23kB)
    Total ROM Size (Code + RO Data + RW Data)      18780 (  18.34kB)

==============================================================================

